Archive member included to satisfy reference by file (symbol)

/home/sailor/arm-toochain/gcc-arm-none-eabi-10.3-2021.10/bin/../lib/gcc/arm-none-eabi/10.3.1/../../../../arm-none-eabi/lib/thumb/v7-m/nofp/libc_nano.a(lib_a-exit.o)
                              /home/sailor/arm-toochain/gcc-arm-none-eabi-10.3-2021.10/bin/../lib/gcc/arm-none-eabi/10.3.1/../../../../arm-none-eabi/lib/thumb/v7-m/nofp/crt0.o (exit)
/home/sailor/arm-toochain/gcc-arm-none-eabi-10.3-2021.10/bin/../lib/gcc/arm-none-eabi/10.3.1/../../../../arm-none-eabi/lib/thumb/v7-m/nofp/libc_nano.a(lib_a-impure.o)
                              /home/sailor/arm-toochain/gcc-arm-none-eabi-10.3-2021.10/bin/../lib/gcc/arm-none-eabi/10.3.1/../../../../arm-none-eabi/lib/thumb/v7-m/nofp/libc_nano.a(lib_a-exit.o) (_global_impure_ptr)
/home/sailor/arm-toochain/gcc-arm-none-eabi-10.3-2021.10/bin/../lib/gcc/arm-none-eabi/10.3.1/../../../../arm-none-eabi/lib/thumb/v7-m/nofp/libc_nano.a(lib_a-init.o)
                              /home/sailor/arm-toochain/gcc-arm-none-eabi-10.3-2021.10/bin/../lib/gcc/arm-none-eabi/10.3.1/../../../../arm-none-eabi/lib/thumb/v7-m/nofp/crt0.o (__libc_init_array)
/home/sailor/arm-toochain/gcc-arm-none-eabi-10.3-2021.10/bin/../lib/gcc/arm-none-eabi/10.3.1/../../../../arm-none-eabi/lib/thumb/v7-m/nofp/libc_nano.a(lib_a-memset.o)
                              /home/sailor/arm-toochain/gcc-arm-none-eabi-10.3-2021.10/bin/../lib/gcc/arm-none-eabi/10.3.1/../../../../arm-none-eabi/lib/thumb/v7-m/nofp/crt0.o (memset)
/home/sailor/arm-toochain/gcc-arm-none-eabi-10.3-2021.10/bin/../lib/gcc/arm-none-eabi/10.3.1/../../../../arm-none-eabi/lib/thumb/v7-m/nofp/libc_nano.a(lib_a-printf.o)
                              build/usbd_core.o (printf)
/home/sailor/arm-toochain/gcc-arm-none-eabi-10.3-2021.10/bin/../lib/gcc/arm-none-eabi/10.3.1/../../../../arm-none-eabi/lib/thumb/v7-m/nofp/libc_nano.a(lib_a-putchar.o)
                              build/usbd_core.o (putchar)
/home/sailor/arm-toochain/gcc-arm-none-eabi-10.3-2021.10/bin/../lib/gcc/arm-none-eabi/10.3.1/../../../../arm-none-eabi/lib/thumb/v7-m/nofp/libc_nano.a(lib_a-strlen.o)
                              build/main.o (strlen)
/home/sailor/arm-toochain/gcc-arm-none-eabi-10.3-2021.10/bin/../lib/gcc/arm-none-eabi/10.3.1/../../../../arm-none-eabi/lib/thumb/v7-m/nofp/libc_nano.a(lib_a-findfp.o)
                              /home/sailor/arm-toochain/gcc-arm-none-eabi-10.3-2021.10/bin/../lib/gcc/arm-none-eabi/10.3.1/../../../../arm-none-eabi/lib/thumb/v7-m/nofp/libc_nano.a(lib_a-printf.o) (__sinit)
/home/sailor/arm-toochain/gcc-arm-none-eabi-10.3-2021.10/bin/../lib/gcc/arm-none-eabi/10.3.1/../../../../arm-none-eabi/lib/thumb/v7-m/nofp/libc_nano.a(lib_a-fwalk.o)
                              /home/sailor/arm-toochain/gcc-arm-none-eabi-10.3-2021.10/bin/../lib/gcc/arm-none-eabi/10.3.1/../../../../arm-none-eabi/lib/thumb/v7-m/nofp/libc_nano.a(lib_a-findfp.o) (_fwalk)
/home/sailor/arm-toochain/gcc-arm-none-eabi-10.3-2021.10/bin/../lib/gcc/arm-none-eabi/10.3.1/../../../../arm-none-eabi/lib/thumb/v7-m/nofp/libc_nano.a(lib_a-lock.o)
                              /home/sailor/arm-toochain/gcc-arm-none-eabi-10.3-2021.10/bin/../lib/gcc/arm-none-eabi/10.3.1/../../../../arm-none-eabi/lib/thumb/v7-m/nofp/libc_nano.a(lib_a-findfp.o) (__retarget_lock_init_recursive)
/home/sailor/arm-toochain/gcc-arm-none-eabi-10.3-2021.10/bin/../lib/gcc/arm-none-eabi/10.3.1/../../../../arm-none-eabi/lib/thumb/v7-m/nofp/libc_nano.a(lib_a-nano-mallocr.o)
                              /home/sailor/arm-toochain/gcc-arm-none-eabi-10.3-2021.10/bin/../lib/gcc/arm-none-eabi/10.3.1/../../../../arm-none-eabi/lib/thumb/v7-m/nofp/libc_nano.a(lib_a-findfp.o) (_malloc_r)
/home/sailor/arm-toochain/gcc-arm-none-eabi-10.3-2021.10/bin/../lib/gcc/arm-none-eabi/10.3.1/../../../../arm-none-eabi/lib/thumb/v7-m/nofp/libc_nano.a(lib_a-nano-vfprintf.o)
                              /home/sailor/arm-toochain/gcc-arm-none-eabi-10.3-2021.10/bin/../lib/gcc/arm-none-eabi/10.3.1/../../../../arm-none-eabi/lib/thumb/v7-m/nofp/libc_nano.a(lib_a-printf.o) (_vfprintf_r)
/home/sailor/arm-toochain/gcc-arm-none-eabi-10.3-2021.10/bin/../lib/gcc/arm-none-eabi/10.3.1/../../../../arm-none-eabi/lib/thumb/v7-m/nofp/libc_nano.a(lib_a-nano-vfprintf_i.o)
                              /home/sailor/arm-toochain/gcc-arm-none-eabi-10.3-2021.10/bin/../lib/gcc/arm-none-eabi/10.3.1/../../../../arm-none-eabi/lib/thumb/v7-m/nofp/libc_nano.a(lib_a-nano-vfprintf.o) (_printf_i)
/home/sailor/arm-toochain/gcc-arm-none-eabi-10.3-2021.10/bin/../lib/gcc/arm-none-eabi/10.3.1/../../../../arm-none-eabi/lib/thumb/v7-m/nofp/libc_nano.a(lib_a-putc.o)
                              /home/sailor/arm-toochain/gcc-arm-none-eabi-10.3-2021.10/bin/../lib/gcc/arm-none-eabi/10.3.1/../../../../arm-none-eabi/lib/thumb/v7-m/nofp/libc_nano.a(lib_a-putchar.o) (_putc_r)
[...]
Memory Configuration

Name             Origin             Length             Attributes
RAM              0x0000000020000000 0x0000000000005000 xrw
FLASH            0x0000000008000000 0x0000000000010000 xr
*default*        0x0000000000000000 0xffffffffffffffff

Linker script and memory map

LOAD /home/sailor/arm-toochain/gcc-arm-none-eabi-10.3-2021.10/bin/../lib/gcc/arm-none-eabi/10.3.1/thumb/v7-m/nofp/crti.o
LOAD /home/sailor/arm-toochain/gcc-arm-none-eabi-10.3-2021.10/bin/../lib/gcc/arm-none-eabi/10.3.1/thumb/v7-m/nofp/crtbegin.o
LOAD /home/sailor/arm-toochain/gcc-arm-none-eabi-10.3-2021.10/bin/../lib/gcc/arm-none-eabi/10.3.1/../../../../arm-none-eabi/lib/thumb/v7-m/nofp/crt0.o
LOAD build/main.o
LOAD build/stm32f1xx_it.o
LOAD build/stm32f1xx_hal_msp.o
LOAD build/usb_device.o
LOAD build/usbd_desc.o
LOAD build/usbd_cdc_if.o
LOAD build/usbd_conf.o
LOAD build/stm32f1xx_hal_gpio_ex.o
LOAD build/stm32f1xx_hal_pcd.o
LOAD build/stm32f1xx_hal_pcd_ex.o
LOAD build/stm32f1xx_ll_usb.o
LOAD build/stm32f1xx_hal.o
LOAD build/stm32f1xx_hal_rcc.o
LOAD build/stm32f1xx_hal_rcc_ex.o
LOAD build/stm32f1xx_hal_gpio.o
LOAD build/stm32f1xx_hal_dma.o
LOAD build/stm32f1xx_hal_cortex.o
LOAD build/stm32f1xx_hal_pwr.o
LOAD build/stm32f1xx_hal_flash.o
LOAD build/stm32f1xx_hal_flash_ex.o
LOAD build/stm32f1xx_hal_exti.o
LOAD build/stm32f1xx_hal_tim.o
LOAD build/stm32f1xx_hal_tim_ex.o
LOAD build/system_stm32f1xx.o
LOAD build/usbd_core.o
LOAD build/usbd_ctlreq.o
LOAD build/usbd_ioreq.o
LOAD build/usbd_cdc.o
LOAD build/startup_stm32f103xb.o
LOAD /home/sailor/arm-toochain/gcc-arm-none-eabi-10.3-2021.10/bin/../lib/gcc/arm-none-eabi/10.3.1/../../../../arm-none-eabi/lib/thumb/v7-m/nofp/libc_nano.a
LOAD /home/sailor/arm-toochain/gcc-arm-none-eabi-10.3-2021.10/bin/../lib/gcc/arm-none-eabi/10.3.1/../../../../arm-none-eabi/lib/thumb/v7-m/nofp/libm.a
LOAD /home/sailor/arm-toochain/gcc-arm-none-eabi-10.3-2021.10/bin/../lib/gcc/arm-none-eabi/10.3.1/../../../../arm-none-eabi/lib/thumb/v7-m/nofp/libnosys.a
START GROUP
LOAD /home/sailor/arm-toochain/gcc-arm-none-eabi-10.3-2021.10/bin/../lib/gcc/arm-none-eabi/10.3.1/thumb/v7-m/nofp/libgcc.a
LOAD /home/sailor/arm-toochain/gcc-arm-none-eabi-10.3-2021.10/bin/../lib/gcc/arm-none-eabi/10.3.1/../../../../arm-none-eabi/lib/thumb/v7-m/nofp/libc_nano.a
END GROUP
START GROUP
LOAD /home/sailor/arm-toochain/gcc-arm-none-eabi-10.3-2021.10/bin/../lib/gcc/arm-none-eabi/10.3.1/thumb/v7-m/nofp/libgcc.a
LOAD /home/sailor/arm-toochain/gcc-arm-none-eabi-10.3-2021.10/bin/../lib/gcc/arm-none-eabi/10.3.1/../../../../arm-none-eabi/lib/thumb/v7-m/nofp/libc_nano.a
END GROUP
LOAD /home/sailor/arm-toochain/gcc-arm-none-eabi-10.3-2021.10/bin/../lib/gcc/arm-none-eabi/10.3.1/thumb/v7-m/nofp/crtend.o
LOAD /home/sailor/arm-toochain/gcc-arm-none-eabi-10.3-2021.10/bin/../lib/gcc/arm-none-eabi/10.3.1/thumb/v7-m/nofp/crtn.o
                0x0000000020005000                _estack = (ORIGIN (RAM) + LENGTH (RAM))
                0x0000000000000200                _Min_Heap_Size = 0x200
                0x0000000000000400                _Min_Stack_Size = 0x400

.isr_vector     0x0000000008000000      0x10c
                0x0000000008000000                . = ALIGN (0x4)
 *(.isr_vector)
 .isr_vector    0x0000000008000000      0x10c build/startup_stm32f103xb.o
                0x0000000008000000                g_pfnVectors
                0x000000000800010c                . = ALIGN (0x4)

.text           0x000000000800010c     0x4c04
                0x000000000800010c                . = ALIGN (0x4)
 *(.text)
 .text          0x000000000800010c       0x40 /home/sailor/arm-toochain/gcc-arm-none-eabi-10.3-2021.10/bin/../lib/gcc/arm-none-eabi/10.3.1/thumb/v7-m/nofp/crtbegin.o
 .text          0x000000000800014c       0x10 /home/sailor/arm-toochain/gcc-arm-none-eabi-10.3-2021.10/bin/../lib/gcc/arm-none-eabi/10.3.1/../../../../arm-none-eabi/lib/thumb/v7-m/nofp/libc_nano.a(lib_a-strlen.o)
                0x000000000800014c                strlen
 *(.text*)
 .text.MX_GPIO_Init
                0x000000000800015c       0x44 build/main.o
 .text.Error_Handler
                0x00000000080001a0        0x4 build/main.o
                0x00000000080001a0                Error_Handler
 .text.SystemClock_Config
                0x00000000080001a4       0x86 build/main.o
                0x00000000080001a4                SystemClock_Config
 *fill*         0x000000000800022a        0x2 
 .text.main     0x000000000800022c       0x3c build/main.o
                0x000000000800022c                main
 .text.NMI_Handler
                0x0000000008000268        0x2 build/stm32f1xx_it.o
                0x0000000008000268                NMI_Handler
 .text.HardFault_Handler
                0x000000000800026a        0x2 build/stm32f1xx_it.o
                0x000000000800026a                HardFault_Handler
 .text.MemManage_Handler
                0x000000000800026c        0x2 build/stm32f1xx_it.o
                0x000000000800026c                MemManage_Handler
 .text.BusFault_Handler
                0x000000000800026e        0x2 build/stm32f1xx_it.o
                0x000000000800026e                BusFault_Handler
 .text.UsageFault_Handler
                0x0000000008000270        0x2 build/stm32f1xx_it.o
                0x0000000008000270                UsageFault_Handler
 .text.SVC_Handler
                0x0000000008000272        0x2 build/stm32f1xx_it.o
                0x0000000008000272                SVC_Handler
 .text.DebugMon_Handler
                0x0000000008000274        0x2 build/stm32f1xx_it.o
                0x0000000008000274                DebugMon_Handler
 .text.PendSV_Handler
                0x0000000008000276        0x2 build/stm32f1xx_it.o
                0x0000000008000276                PendSV_Handler
 .text.SysTick_Handler
                0x0000000008000278        0x8 build/stm32f1xx_it.o
                0x0000000008000278                SysTick_Handler
 .text.USB_LP_CAN1_RX0_IRQHandler
                0x0000000008000280       0x10 build/stm32f1xx_it.o
                0x0000000008000280                USB_LP_CAN1_RX0_IRQHandler
 .text.HAL_MspInit
                0x0000000008000290       0x30 build/stm32f1xx_hal_msp.o
                0x0000000008000290                HAL_MspInit
 .text.MX_USB_DEVICE_Init
                0x00000000080002c0       0x54 build/usb_device.o
                0x00000000080002c0                MX_USB_DEVICE_Init
 .text.USBD_FS_DeviceDescriptor
                0x0000000008000314        0xc build/usbd_desc.o
                0x0000000008000314                USBD_FS_DeviceDescriptor
 .text.USBD_FS_LangIDStrDescriptor
                0x0000000008000320        0xc build/usbd_desc.o
                0x0000000008000320                USBD_FS_LangIDStrDescriptor
 .text.IntToUnicode
                0x000000000800032c       0x46 build/usbd_desc.o
 *fill*         0x0000000008000372        0x2 
 .text.Get_SerialNum
                0x0000000008000374       0x38 build/usbd_desc.o
 .text.USBD_FS_SerialStrDescriptor
                0x00000000080003ac       0x14 build/usbd_desc.o
                0x00000000080003ac                USBD_FS_SerialStrDescriptor
 .text.USBD_FS_ProductStrDescriptor
                0x00000000080003c0       0x24 build/usbd_desc.o
                0x00000000080003c0                USBD_FS_ProductStrDescriptor
 .text.USBD_FS_ManufacturerStrDescriptor
                0x00000000080003e4       0x1c build/usbd_desc.o
                0x00000000080003e4                USBD_FS_ManufacturerStrDescriptor
 .text.USBD_FS_ConfigStrDescriptor
                0x0000000008000400       0x24 build/usbd_desc.o
                0x0000000008000400                USBD_FS_ConfigStrDescriptor
 .text.USBD_FS_InterfaceStrDescriptor
                0x0000000008000424       0x24 build/usbd_desc.o
                0x0000000008000424                USBD_FS_InterfaceStrDescriptor
 .text.CDC_DeInit_FS
                0x0000000008000448        0x4 build/usbd_cdc_if.o
 .text.CDC_Control_FS
                0x000000000800044c        0x4 build/usbd_cdc_if.o
 .text.CDC_Receive_FS
                0x0000000008000450       0x1c build/usbd_cdc_if.o
 .text.CDC_Init_FS
                0x000000000800046c       0x28 build/usbd_cdc_if.o
 .text.CDC_Transmit_FS
                0x0000000008000494       0x2c build/usbd_cdc_if.o
                0x0000000008000494                CDC_Transmit_FS
 .text.USBD_Get_USB_Status
                0x00000000080004c0       0x14 build/usbd_conf.o
 .text.HAL_PCD_MspInit
                0x00000000080004d4       0x40 build/usbd_conf.o
                0x00000000080004d4                HAL_PCD_MspInit
 .text.HAL_PCD_SetupStageCallback
                0x0000000008000514       0x10 build/usbd_conf.o
                0x0000000008000514                HAL_PCD_SetupStageCallback
 .text.HAL_PCD_DataOutStageCallback
                0x0000000008000524       0x18 build/usbd_conf.o
                0x0000000008000524                HAL_PCD_DataOutStageCallback
 .text.HAL_PCD_DataInStageCallback
                0x000000000800053c       0x16 build/usbd_conf.o
                0x000000000800053c                HAL_PCD_DataInStageCallback
 .text.HAL_PCD_SOFCallback
                0x0000000008000552        0xc build/usbd_conf.o
                0x0000000008000552                HAL_PCD_SOFCallback
 .text.HAL_PCD_ResetCallback
                0x000000000800055e       0x24 build/usbd_conf.o
                0x000000000800055e                HAL_PCD_ResetCallback
 *fill*         0x0000000008000582        0x2 
 .text.HAL_PCD_SuspendCallback
                0x0000000008000584       0x20 build/usbd_conf.o
                0x0000000008000584                HAL_PCD_SuspendCallback
 .text.HAL_PCD_ResumeCallback
                0x00000000080005a4        0xc build/usbd_conf.o
                0x00000000080005a4                HAL_PCD_ResumeCallback
 .text.USBD_LL_Init
                0x00000000080005b0       0x84 build/usbd_conf.o
                0x00000000080005b0                USBD_LL_Init
 .text.USBD_LL_Start
                0x0000000008000634       0x10 build/usbd_conf.o
                0x0000000008000634                USBD_LL_Start
 .text.USBD_LL_OpenEP
                0x0000000008000644       0x16 build/usbd_conf.o
                0x0000000008000644                USBD_LL_OpenEP
 .text.USBD_LL_CloseEP
                0x000000000800065a       0x10 build/usbd_conf.o
                0x000000000800065a                USBD_LL_CloseEP
 .text.USBD_LL_StallEP
                0x000000000800066a       0x10 build/usbd_conf.o
                0x000000000800066a                USBD_LL_StallEP
 .text.USBD_LL_ClearStallEP
                0x000000000800067a       0x10 build/usbd_conf.o
                0x000000000800067a                USBD_LL_ClearStallEP
 .text.USBD_LL_IsStallEP
                0x000000000800068a       0x2e build/usbd_conf.o
                0x000000000800068a                USBD_LL_IsStallEP
 .text.USBD_LL_SetUSBAddress
                0x00000000080006b8       0x10 build/usbd_conf.o
                0x00000000080006b8                USBD_LL_SetUSBAddress
 .text.USBD_LL_Transmit
                0x00000000080006c8       0x10 build/usbd_conf.o
                0x00000000080006c8                USBD_LL_Transmit
 .text.USBD_LL_PrepareReceive
                0x00000000080006d8       0x10 build/usbd_conf.o
                0x00000000080006d8                USBD_LL_PrepareReceive
 .text.USBD_LL_GetRxDataSize
                0x00000000080006e8        0xc build/usbd_conf.o
                0x00000000080006e8                USBD_LL_GetRxDataSize
 .text.USBD_static_malloc
                0x00000000080006f4        0x8 build/usbd_conf.o
                0x00000000080006f4                USBD_static_malloc
 .text.USBD_static_free
                0x00000000080006fc        0x2 build/usbd_conf.o
                0x00000000080006fc                USBD_static_free
 .text.HAL_PCDEx_SetConnectionState
                0x00000000080006fe        0x2 build/usbd_conf.o
                0x00000000080006fe                HAL_PCDEx_SetConnectionState
 .text.HAL_PCD_EP_DB_Receive
                0x0000000008000700      0x11c build/stm32f1xx_hal_pcd.o
 .text.HAL_PCD_Init
                0x000000000800081c      0x118 build/stm32f1xx_hal_pcd.o
                0x000000000800081c                HAL_PCD_Init
 .text.HAL_PCD_Start
                0x0000000008000934       0x32 build/stm32f1xx_hal_pcd.o
                0x0000000008000934                HAL_PCD_Start
 .text.HAL_PCD_EP_DB_Transmit
                0x0000000008000966      0x420 build/stm32f1xx_hal_pcd.o
 .text.PCD_EP_ISR_Handler
                0x0000000008000d86      0x438 build/stm32f1xx_hal_pcd.o
 .text.HAL_PCD_SetAddress
                0x00000000080011be       0x28 build/stm32f1xx_hal_pcd.o
                0x00000000080011be                HAL_PCD_SetAddress
 .text.HAL_PCD_IRQHandler
                0x00000000080011e6      0x1d4 build/stm32f1xx_hal_pcd.o
                0x00000000080011e6                HAL_PCD_IRQHandler
 .text.HAL_PCD_EP_Open
                0x00000000080013ba       0x84 build/stm32f1xx_hal_pcd.o
                0x00000000080013ba                HAL_PCD_EP_Open
 .text.HAL_PCD_EP_Close
                0x000000000800143e       0x64 build/stm32f1xx_hal_pcd.o
                0x000000000800143e                HAL_PCD_EP_Close
 .text.HAL_PCD_EP_Receive
                0x00000000080014a2       0x44 build/stm32f1xx_hal_pcd.o
                0x00000000080014a2                HAL_PCD_EP_Receive
 .text.HAL_PCD_EP_GetRxCount
                0x00000000080014e6       0x12 build/stm32f1xx_hal_pcd.o
                0x00000000080014e6                HAL_PCD_EP_GetRxCount
 .text.HAL_PCD_EP_Transmit
                0x00000000080014f8       0x50 build/stm32f1xx_hal_pcd.o
                0x00000000080014f8                HAL_PCD_EP_Transmit
 .text.HAL_PCD_EP_SetStall
                0x0000000008001548       0x78 build/stm32f1xx_hal_pcd.o
                0x0000000008001548                HAL_PCD_EP_SetStall
 .text.HAL_PCD_EP_ClrStall
                0x00000000080015c0       0x76 build/stm32f1xx_hal_pcd.o
                0x00000000080015c0                HAL_PCD_EP_ClrStall
 .text.HAL_PCDEx_PMAConfig
                0x0000000008001636       0x38 build/stm32f1xx_hal_pcd_ex.o
                0x0000000008001636                HAL_PCDEx_PMAConfig
 .text.USB_CoreInit
                0x000000000800166e        0xe build/stm32f1xx_ll_usb.o
                0x000000000800166e                USB_CoreInit
 .text.USB_EnableGlobalInt
                0x000000000800167c       0x12 build/stm32f1xx_ll_usb.o
                0x000000000800167c                USB_EnableGlobalInt
 .text.USB_DisableGlobalInt
                0x000000000800168e       0x14 build/stm32f1xx_ll_usb.o
                0x000000000800168e                USB_DisableGlobalInt
 .text.USB_SetCurrentMode
                0x00000000080016a2        0x4 build/stm32f1xx_ll_usb.o
                0x00000000080016a2                USB_SetCurrentMode
 .text.USB_DevInit
                0x00000000080016a6       0x22 build/stm32f1xx_ll_usb.o
                0x00000000080016a6                USB_DevInit
 .text.USB_ActivateEndpoint
                0x00000000080016c8      0x378 build/stm32f1xx_ll_usb.o
                0x00000000080016c8                USB_ActivateEndpoint
 .text.USB_DeactivateEndpoint
                0x0000000008001a40      0x1d6 build/stm32f1xx_ll_usb.o
                0x0000000008001a40                USB_DeactivateEndpoint
 .text.USB_EPSetStall
                0x0000000008001c16       0x4a build/stm32f1xx_ll_usb.o
                0x0000000008001c16                USB_EPSetStall
 .text.USB_EPClearStall
                0x0000000008001c60       0xa2 build/stm32f1xx_ll_usb.o
                0x0000000008001c60                USB_EPClearStall
 .text.USB_SetDevAddress
                0x0000000008001d02        0xc build/stm32f1xx_ll_usb.o
                0x0000000008001d02                USB_SetDevAddress
 .text.USB_DevConnect
                0x0000000008001d0e        0x4 build/stm32f1xx_ll_usb.o
                0x0000000008001d0e                USB_DevConnect
 .text.USB_DevDisconnect
                0x0000000008001d12        0x4 build/stm32f1xx_ll_usb.o
                0x0000000008001d12                USB_DevDisconnect
 .text.USB_ReadInterrupts
                0x0000000008001d16        0x8 build/stm32f1xx_ll_usb.o
                0x0000000008001d16                USB_ReadInterrupts
 .text.USB_EP0_OutStart
                0x0000000008001d1e        0x4 build/stm32f1xx_ll_usb.o
                0x0000000008001d1e                USB_EP0_OutStart
 .text.USB_WritePMA
                0x0000000008001d22       0x28 build/stm32f1xx_ll_usb.o
                0x0000000008001d22                USB_WritePMA
 .text.USB_EPStartXfer
                0x0000000008001d4a      0x8b2 build/stm32f1xx_ll_usb.o
                0x0000000008001d4a                USB_EPStartXfer
 .text.USB_ReadPMA
                0x00000000080025fc       0x30 build/stm32f1xx_ll_usb.o
                0x00000000080025fc                USB_ReadPMA
 .text.HAL_InitTick
                0x000000000800262c       0x4c build/stm32f1xx_hal.o
                0x000000000800262c                HAL_InitTick
 .text.HAL_Init
                0x0000000008002678       0x24 build/stm32f1xx_hal.o
                0x0000000008002678                HAL_Init
 .text.HAL_IncTick
                0x000000000800269c       0x18 build/stm32f1xx_hal.o
                0x000000000800269c                HAL_IncTick
 .text.HAL_GetTick
                0x00000000080026b4        0xc build/stm32f1xx_hal.o
                0x00000000080026b4                HAL_GetTick
 .text.HAL_Delay
                0x00000000080026c0       0x28 build/stm32f1xx_hal.o
                0x00000000080026c0                HAL_Delay
 .text.RCC_Delay
                0x00000000080026e8       0x2c build/stm32f1xx_hal_rcc.o
 .text.HAL_RCC_OscConfig
                0x0000000008002714      0x410 build/stm32f1xx_hal_rcc.o
                0x0000000008002714                HAL_RCC_OscConfig
 .text.HAL_RCC_GetSysClockFreq
                0x0000000008002b24       0x70 build/stm32f1xx_hal_rcc.o
                0x0000000008002b24                HAL_RCC_GetSysClockFreq
 .text.HAL_RCC_ClockConfig
                0x0000000008002b94      0x16c build/stm32f1xx_hal_rcc.o
                0x0000000008002b94                HAL_RCC_ClockConfig
 .text.HAL_RCCEx_PeriphCLKConfig
                0x0000000008002d00      0x118 build/stm32f1xx_hal_rcc_ex.o
                0x0000000008002d00                HAL_RCCEx_PeriphCLKConfig
 .text.HAL_NVIC_SetPriorityGrouping
                0x0000000008002e18       0x24 build/stm32f1xx_hal_cortex.o
                0x0000000008002e18                HAL_NVIC_SetPriorityGrouping
 .text.HAL_NVIC_SetPriority
                0x0000000008002e3c       0x70 build/stm32f1xx_hal_cortex.o
                0x0000000008002e3c                HAL_NVIC_SetPriority
 .text.HAL_NVIC_EnableIRQ
                0x0000000008002eac       0x1c build/stm32f1xx_hal_cortex.o
                0x0000000008002eac                HAL_NVIC_EnableIRQ
 .text.HAL_SYSTICK_Config
                0x0000000008002ec8       0x28 build/stm32f1xx_hal_cortex.o
                0x0000000008002ec8                HAL_SYSTICK_Config
 .text.SystemInit
                0x0000000008002ef0        0x2 build/system_stm32f1xx.o
                0x0000000008002ef0                SystemInit
 *fill*         0x0000000008002ef2        0x2 
 .text.USBD_Init
                0x0000000008002ef4       0x48 build/usbd_core.o
                0x0000000008002ef4                USBD_Init
 .text.USBD_RegisterClass
                0x0000000008002f3c       0x2c build/usbd_core.o
                0x0000000008002f3c                USBD_RegisterClass
 .text.USBD_Start
                0x0000000008002f68        0xa build/usbd_core.o
                0x0000000008002f68                USBD_Start
 .text.USBD_SetClassConfig
                0x0000000008002f72       0x18 build/usbd_core.o
                0x0000000008002f72                USBD_SetClassConfig
 .text.USBD_ClrClassConfig
                0x0000000008002f8a        0xe build/usbd_core.o
                0x0000000008002f8a                USBD_ClrClassConfig
 .text.USBD_LL_SetupStage
                0x0000000008002f98       0x5a build/usbd_core.o
                0x0000000008002f98                USBD_LL_SetupStage
 .text.USBD_LL_DataOutStage
                0x0000000008002ff2       0x8c build/usbd_core.o
                0x0000000008002ff2                USBD_LL_DataOutStage
 .text.USBD_LL_DataInStage
                0x000000000800307e       0xd0 build/usbd_core.o
                0x000000000800307e                USBD_LL_DataInStage
 .text.USBD_LL_Reset
                0x000000000800314e       0x50 build/usbd_core.o
                0x000000000800314e                USBD_LL_Reset
 .text.USBD_LL_SetSpeed
                0x000000000800319e        0x6 build/usbd_core.o
                0x000000000800319e                USBD_LL_SetSpeed
 .text.USBD_LL_Suspend
                0x00000000080031a4       0x12 build/usbd_core.o
                0x00000000080031a4                USBD_LL_Suspend
 .text.USBD_LL_Resume
                0x00000000080031b6       0x16 build/usbd_core.o
                0x00000000080031b6                USBD_LL_Resume
 .text.USBD_LL_SOF
                0x00000000080031cc       0x1c build/usbd_core.o
                0x00000000080031cc                USBD_LL_SOF
 .text.USBD_GetLen
                0x00000000080031e8       0x14 build/usbd_ctlreq.o
 .text.USBD_SetFeature
                0x00000000080031fc       0x14 build/usbd_ctlreq.o
 .text.USBD_ParseSetupRequest
                0x0000000008003210       0x28 build/usbd_ctlreq.o
                0x0000000008003210                USBD_ParseSetupRequest
 .text.USBD_CtlError
                0x0000000008003238       0x14 build/usbd_ctlreq.o
                0x0000000008003238                USBD_CtlError
 .text.USBD_GetDescriptor
                0x000000000800324c      0x186 build/usbd_ctlreq.o
 .text.USBD_SetAddress
                0x00000000080033d2       0x4e build/usbd_ctlreq.o
 .text.USBD_SetConfig
                0x0000000008003420       0xb0 build/usbd_ctlreq.o
 .text.USBD_GetConfig
                0x00000000080034d0       0x3e build/usbd_ctlreq.o
 .text.USBD_GetStatus
                0x000000000800350e       0x38 build/usbd_ctlreq.o
 .text.USBD_ClrFeature
                0x0000000008003546       0x26 build/usbd_ctlreq.o
 .text.USBD_StdDevReq
                0x000000000800356c       0x68 build/usbd_ctlreq.o
                0x000000000800356c                USBD_StdDevReq
 .text.USBD_StdItfReq
                0x00000000080035d4       0x60 build/usbd_ctlreq.o
                0x00000000080035d4                USBD_StdItfReq
 .text.USBD_StdEPReq
                0x0000000008003634      0x1e2 build/usbd_ctlreq.o
                0x0000000008003634                USBD_StdEPReq
 .text.USBD_GetString
                0x0000000008003816       0x3a build/usbd_ctlreq.o
                0x0000000008003816                USBD_GetString
 .text.USBD_CtlSendData
                0x0000000008003850       0x1a build/usbd_ioreq.o
                0x0000000008003850                USBD_CtlSendData
 .text.USBD_CtlContinueSendData
                0x000000000800386a       0x10 build/usbd_ioreq.o
                0x000000000800386a                USBD_CtlContinueSendData
 .text.USBD_CtlPrepareRx
                0x000000000800387a       0x1e build/usbd_ioreq.o
                0x000000000800387a                USBD_CtlPrepareRx
 .text.USBD_CtlContinueRx
                0x0000000008003898       0x10 build/usbd_ioreq.o
                0x0000000008003898                USBD_CtlContinueRx
 .text.USBD_CtlSendStatus
                0x00000000080038a8       0x16 build/usbd_ioreq.o
                0x00000000080038a8                USBD_CtlSendStatus
 .text.USBD_CtlReceiveStatus
                0x00000000080038be       0x16 build/usbd_ioreq.o
                0x00000000080038be                USBD_CtlReceiveStatus
 .text.USBD_CDC_EP0_RxReady
                0x00000000080038d4       0x28 build/usbd_cdc.o
 .text.USBD_CDC_GetFSCfgDesc
                0x00000000080038fc        0xc build/usbd_cdc.o
 .text.USBD_CDC_GetHSCfgDesc
                0x0000000008003908        0xc build/usbd_cdc.o
 .text.USBD_CDC_GetOtherSpeedCfgDesc
                0x0000000008003914        0xc build/usbd_cdc.o
 .text.USBD_CDC_GetDeviceQualifierDescriptor
                0x0000000008003920        0xc build/usbd_cdc.o
                0x0000000008003920                USBD_CDC_GetDeviceQualifierDescriptor
 .text.USBD_CDC_DataOut
                0x000000000800392c       0x2e build/usbd_cdc.o
 .text.USBD_CDC_DataIn
                0x000000000800395a       0x4e build/usbd_cdc.o
 .text.USBD_CDC_Setup
                0x00000000080039a8       0xd6 build/usbd_cdc.o
 .text.USBD_CDC_DeInit
                0x0000000008003a7e       0x42 build/usbd_cdc.o
 .text.USBD_CDC_Init
                0x0000000008003ac0       0xaa build/usbd_cdc.o
 .text.USBD_CDC_RegisterInterface
                0x0000000008003b6a        0xe build/usbd_cdc.o
                0x0000000008003b6a                USBD_CDC_RegisterInterface
 .text.USBD_CDC_SetTxBuffer
                0x0000000008003b78       0x10 build/usbd_cdc.o
                0x0000000008003b78                USBD_CDC_SetTxBuffer
 .text.USBD_CDC_SetRxBuffer
                0x0000000008003b88        0xc build/usbd_cdc.o
                0x0000000008003b88                USBD_CDC_SetRxBuffer
 .text.USBD_CDC_TransmitPacket
                0x0000000008003b94       0x34 build/usbd_cdc.o
                0x0000000008003b94                USBD_CDC_TransmitPacket
 .text.USBD_CDC_ReceivePacket
                0x0000000008003bc8       0x30 build/usbd_cdc.o
                0x0000000008003bc8                USBD_CDC_ReceivePacket
 .text.Reset_Handler
                0x0000000008003bf8       0x48 build/startup_stm32f103xb.o
                0x0000000008003bf8                Reset_Handler
 .text.Default_Handler
                0x0000000008003c40        0x2 build/startup_stm32f103xb.o
                0x0000000008003c40                RTC_Alarm_IRQHandler
                0x0000000008003c40                EXTI2_IRQHandler
                0x0000000008003c40                TIM1_CC_IRQHandler
                0x0000000008003c40                PVD_IRQHandler
                0x0000000008003c40                EXTI3_IRQHandler
                0x0000000008003c40                EXTI0_IRQHandler
                0x0000000008003c40                I2C2_EV_IRQHandler
                0x0000000008003c40                ADC1_2_IRQHandler
                0x0000000008003c40                SPI1_IRQHandler
                0x0000000008003c40                TAMPER_IRQHandler
                0x0000000008003c40                DMA1_Channel4_IRQHandler
                0x0000000008003c40                USART3_IRQHandler
                0x0000000008003c40                RTC_IRQHandler
                0x0000000008003c40                DMA1_Channel7_IRQHandler
                0x0000000008003c40                CAN1_RX1_IRQHandler
                0x0000000008003c40                TIM4_IRQHandler
                0x0000000008003c40                I2C1_EV_IRQHandler
                0x0000000008003c40                DMA1_Channel6_IRQHandler
                0x0000000008003c40                TIM3_IRQHandler
                0x0000000008003c40                RCC_IRQHandler
                0x0000000008003c40                TIM1_TRG_COM_IRQHandler
                0x0000000008003c40                DMA1_Channel1_IRQHandler
                0x0000000008003c40                Default_Handler
                0x0000000008003c40                EXTI15_10_IRQHandler
                0x0000000008003c40                EXTI9_5_IRQHandler
                0x0000000008003c40                SPI2_IRQHandler
                0x0000000008003c40                DMA1_Channel5_IRQHandler
                0x0000000008003c40                EXTI4_IRQHandler
                0x0000000008003c40                USB_HP_CAN1_TX_IRQHandler
                0x0000000008003c40                DMA1_Channel3_IRQHandler
                0x0000000008003c40                TIM1_UP_IRQHandler
                0x0000000008003c40                WWDG_IRQHandler
                0x0000000008003c40                TIM2_IRQHandler
                0x0000000008003c40                TIM1_BRK_IRQHandler
                0x0000000008003c40                EXTI1_IRQHandler
                0x0000000008003c40                USART2_IRQHandler
                0x0000000008003c40                I2C2_ER_IRQHandler
                0x0000000008003c40                DMA1_Channel2_IRQHandler
                0x0000000008003c40                CAN1_SCE_IRQHandler
                0x0000000008003c40                FLASH_IRQHandler
                0x0000000008003c40                USART1_IRQHandler
                0x0000000008003c40                I2C1_ER_IRQHandler
                0x0000000008003c40                USBWakeUp_IRQHandler
 *fill*         0x0000000008003c42        0x2 
 .text.__libc_init_array
                0x0000000008003c44       0x48 /home/sailor/arm-toochain/gcc-arm-none-eabi-10.3-2021.10/bin/../lib/gcc/arm-none-eabi/10.3.1/../../../../arm-none-eabi/lib/thumb/v7-m/nofp/libc_nano.a(lib_a-init.o)
                0x0000000008003c44                __libc_init_array
 .text.memset   0x0000000008003c8c       0x10 /home/sailor/arm-toochain/gcc-arm-none-eabi-10.3-2021.10/bin/../lib/gcc/arm-none-eabi/10.3.1/../../../../arm-none-eabi/lib/thumb/v7-m/nofp/libc_nano.a(lib_a-memset.o)
                0x0000000008003c8c                memset
 .text.printf   0x0000000008003c9c       0x30 /home/sailor/arm-toochain/gcc-arm-none-eabi-10.3-2021.10/bin/../lib/gcc/arm-none-eabi/10.3.1/../../../../arm-none-eabi/lib/thumb/v7-m/nofp/libc_nano.a(lib_a-printf.o)
                0x0000000008003c9c                printf
                0x0000000008003c9c                iprintf
 .text.putchar  0x0000000008003ccc       0x28 /home/sailor/arm-toochain/gcc-arm-none-eabi-10.3-2021.10/bin/../lib/gcc/arm-none-eabi/10.3.1/../../../../arm-none-eabi/lib/thumb/v7-m/nofp/libc_nano.a(lib_a-putchar.o)
                0x0000000008003ccc                putchar
 .text.std      0x0000000008003cf4       0x48 /home/sailor/arm-toochain/gcc-arm-none-eabi-10.3-2021.10/bin/../lib/gcc/arm-none-eabi/10.3.1/../../../../arm-none-eabi/lib/thumb/v7-m/nofp/libc_nano.a(lib_a-findfp.o)
 .text._cleanup_r
                0x0000000008003d3c        0xc /home/sailor/arm-toochain/gcc-arm-none-eabi-10.3-2021.10/bin/../lib/gcc/arm-none-eabi/10.3.1/../../../../arm-none-eabi/lib/thumb/v7-m/nofp/libc_nano.a(lib_a-findfp.o)
                0x0000000008003d3c                _cleanup_r
 .text.__sfmoreglue
                0x0000000008003d48       0x2c /home/sailor/arm-toochain/gcc-arm-none-eabi-10.3-2021.10/bin/../lib/gcc/arm-none-eabi/10.3.1/../../../../arm-none-eabi/lib/thumb/v7-m/nofp/libc_nano.a(lib_a-findfp.o)
                0x0000000008003d48                __sfmoreglue
 .text.__sfp_lock_acquire
                0x0000000008003d74        0xc /home/sailor/arm-toochain/gcc-arm-none-eabi-10.3-2021.10/bin/../lib/gcc/arm-none-eabi/10.3.1/../../../../arm-none-eabi/lib/thumb/v7-m/nofp/libc_nano.a(lib_a-findfp.o)
                0x0000000008003d74                __sfp_lock_acquire
 .text.__sfp_lock_release
                0x0000000008003d80        0xc /home/sailor/arm-toochain/gcc-arm-none-eabi-10.3-2021.10/bin/../lib/gcc/arm-none-eabi/10.3.1/../../../../arm-none-eabi/lib/thumb/v7-m/nofp/libc_nano.a(lib_a-findfp.o)
                0x0000000008003d80                __sfp_lock_release
 .text.__sinit_lock_acquire
                0x0000000008003d8c        0xc /home/sailor/arm-toochain/gcc-arm-none-eabi-10.3-2021.10/bin/../lib/gcc/arm-none-eabi/10.3.1/../../../../arm-none-eabi/lib/thumb/v7-m/nofp/libc_nano.a(lib_a-findfp.o)
                0x0000000008003d8c                __sinit_lock_acquire
 .text.__sinit_lock_release
                0x0000000008003d98        0xc /home/sailor/arm-toochain/gcc-arm-none-eabi-10.3-2021.10/bin/../lib/gcc/arm-none-eabi/10.3.1/../../../../arm-none-eabi/lib/thumb/v7-m/nofp/libc_nano.a(lib_a-findfp.o)
                0x0000000008003d98                __sinit_lock_release
 .text.__sinit  0x0000000008003da4       0x70 /home/sailor/arm-toochain/gcc-arm-none-eabi-10.3-2021.10/bin/../lib/gcc/arm-none-eabi/10.3.1/../../../../arm-none-eabi/lib/thumb/v7-m/nofp/libc_nano.a(lib_a-findfp.o)
                0x0000000008003da4                __sinit
 .text.__sfp    0x0000000008003e14       0x8c /home/sailor/arm-toochain/gcc-arm-none-eabi-10.3-2021.10/bin/../lib/gcc/arm-none-eabi/10.3.1/../../../../arm-none-eabi/lib/thumb/v7-m/nofp/libc_nano.a(lib_a-findfp.o)
                0x0000000008003e14                __sfp
 .text._fwalk_reent
                0x0000000008003ea0       0x3e /home/sailor/arm-toochain/gcc-arm-none-eabi-10.3-2021.10/bin/../lib/gcc/arm-none-eabi/10.3.1/../../../../arm-none-eabi/lib/thumb/v7-m/nofp/libc_nano.a(lib_a-fwalk.o)
                0x0000000008003ea0                _fwalk_reent
 .text.__retarget_lock_init_recursive
                0x0000000008003ede        0x2 /home/sailor/arm-toochain/gcc-arm-none-eabi-10.3-2021.10/bin/../lib/gcc/arm-none-eabi/10.3.1/../../../../arm-none-eabi/lib/thumb/v7-m/nofp/libc_nano.a(lib_a-lock.o)
                0x0000000008003ede                __retarget_lock_init_recursive
 .text.__retarget_lock_acquire_recursive
                0x0000000008003ee0        0x2 /home/sailor/arm-toochain/gcc-arm-none-eabi-10.3-2021.10/bin/../lib/gcc/arm-none-eabi/10.3.1/../../../../arm-none-eabi/lib/thumb/v7-m/nofp/libc_nano.a(lib_a-lock.o)
                0x0000000008003ee0                __retarget_lock_acquire_recursive
 .text.__retarget_lock_release_recursive
                0x0000000008003ee2        0x2 /home/sailor/arm-toochain/gcc-arm-none-eabi-10.3-2021.10/bin/../lib/gcc/arm-none-eabi/10.3.1/../../../../arm-none-eabi/lib/thumb/v7-m/nofp/libc_nano.a(lib_a-lock.o)
                0x0000000008003ee2                __retarget_lock_release_recursive
 .text.sbrk_aligned
                0x0000000008003ee4       0x40 /home/sailor/arm-toochain/gcc-arm-none-eabi-10.3-2021.10/bin/../lib/gcc/arm-none-eabi/10.3.1/../../../../arm-none-eabi/lib/thumb/v7-m/nofp/libc_nano.a(lib_a-nano-mallocr.o)
 .text._malloc_r
                0x0000000008003f24       0xe8 /home/sailor/arm-toochain/gcc-arm-none-eabi-10.3-2021.10/bin/../lib/gcc/arm-none-eabi/10.3.1/../../../../arm-none-eabi/lib/thumb/v7-m/nofp/libc_nano.a(lib_a-nano-mallocr.o)
                0x0000000008003f24                _malloc_r
 .text.__sfputc_r
                0x000000000800400c       0x2a /home/sailor/arm-toochain/gcc-arm-none-eabi-10.3-2021.10/bin/../lib/gcc/arm-none-eabi/10.3.1/../../../../arm-none-eabi/lib/thumb/v7-m/nofp/libc_nano.a(lib_a-nano-vfprintf.o)
 .text.__sfputs_r
                0x0000000008004036       0x24 /home/sailor/arm-toochain/gcc-arm-none-eabi-10.3-2021.10/bin/../lib/gcc/arm-none-eabi/10.3.1/../../../../arm-none-eabi/lib/thumb/v7-m/nofp/libc_nano.a(lib_a-nano-vfprintf.o)
                0x0000000008004036                __sfputs_r
 *fill*         0x000000000800405a        0x2 
 .text._vfprintf_r
                0x000000000800405c      0x260 /home/sailor/arm-toochain/gcc-arm-none-eabi-10.3-2021.10/bin/../lib/gcc/arm-none-eabi/10.3.1/../../../../arm-none-eabi/lib/thumb/v7-m/nofp/libc_nano.a(lib_a-nano-vfprintf.o)
                0x000000000800405c                _vfiprintf_r
                0x000000000800405c                _vfprintf_r
 .text._printf_common
                0x00000000080042bc       0xde /home/sailor/arm-toochain/gcc-arm-none-eabi-10.3-2021.10/bin/../lib/gcc/arm-none-eabi/10.3.1/../../../../arm-none-eabi/lib/thumb/v7-m/nofp/libc_nano.a(lib_a-nano-vfprintf_i.o)
                0x00000000080042bc                _printf_common
 *fill*         0x000000000800439a        0x2 
 .text._printf_i
                0x000000000800439c      0x24c /home/sailor/arm-toochain/gcc-arm-none-eabi-10.3-2021.10/bin/../lib/gcc/arm-none-eabi/10.3.1/../../../../arm-none-eabi/lib/thumb/v7-m/nofp/libc_nano.a(lib_a-nano-vfprintf_i.o)
                0x000000000800439c                _printf_i
 .text._putc_r  0x00000000080045e8       0x90 /home/sailor/arm-toochain/gcc-arm-none-eabi-10.3-2021.10/bin/../lib/gcc/arm-none-eabi/10.3.1/../../../../arm-none-eabi/lib/thumb/v7-m/nofp/libc_nano.a(lib_a-putc.o)
                0x00000000080045e8                _putc_r
 .text._sbrk_r  0x0000000008004678       0x20 /home/sailor/arm-toochain/gcc-arm-none-eabi-10.3-2021.10/bin/../lib/gcc/arm-none-eabi/10.3.1/../../../../arm-none-eabi/lib/thumb/v7-m/nofp/libc_nano.a(lib_a-sbrkr.o)
                0x0000000008004678                _sbrk_r
 .text.__sread  0x0000000008004698       0x22 /home/sailor/arm-toochain/gcc-arm-none-eabi-10.3-2021.10/bin/../lib/gcc/arm-none-eabi/10.3.1/../../../../arm-none-eabi/lib/thumb/v7-m/nofp/libc_nano.a(lib_a-stdio.o)
                0x0000000008004698                __sread
 .text.__swrite
                0x00000000080046ba       0x38 /home/sailor/arm-toochain/gcc-arm-none-eabi-10.3-2021.10/bin/../lib/gcc/arm-none-eabi/10.3.1/../../../../arm-none-eabi/lib/thumb/v7-m/nofp/libc_nano.a(lib_a-stdio.o)
                0x00000000080046ba                __swrite
 .text.__sseek  0x00000000080046f2       0x24 /home/sailor/arm-toochain/gcc-arm-none-eabi-10.3-2021.10/bin/../lib/gcc/arm-none-eabi/10.3.1/../../../../arm-none-eabi/lib/thumb/v7-m/nofp/libc_nano.a(lib_a-stdio.o)
                0x00000000080046f2                __sseek
 .text.__sclose
                0x0000000008004716        0x8 /home/sailor/arm-toochain/gcc-arm-none-eabi-10.3-2021.10/bin/../lib/gcc/arm-none-eabi/10.3.1/../../../../arm-none-eabi/lib/thumb/v7-m/nofp/libc_nano.a(lib_a-stdio.o)
                0x0000000008004716                __sclose
 *fill*         0x000000000800471e        0x2 
 .text.__swbuf_r
                0x0000000008004720       0xa4 /home/sailor/arm-toochain/gcc-arm-none-eabi-10.3-2021.10/bin/../lib/gcc/arm-none-eabi/10.3.1/../../../../arm-none-eabi/lib/thumb/v7-m/nofp/libc_nano.a(lib_a-wbuf.o)
                0x0000000008004720                __swbuf_r
 .text._write_r
                0x00000000080047c4       0x24 /home/sailor/arm-toochain/gcc-arm-none-eabi-10.3-2021.10/bin/../lib/gcc/arm-none-eabi/10.3.1/../../../../arm-none-eabi/lib/thumb/v7-m/nofp/libc_nano.a(lib_a-writer.o)
                0x00000000080047c4                _write_r
 .text.__swsetup_r
                0x00000000080047e8       0xdc /home/sailor/arm-toochain/gcc-arm-none-eabi-10.3-2021.10/bin/../lib/gcc/arm-none-eabi/10.3.1/../../../../arm-none-eabi/lib/thumb/v7-m/nofp/libc_nano.a(lib_a-wsetup.o)
                0x00000000080047e8                __swsetup_r
 .text._close_r
                0x00000000080048c4       0x20 /home/sailor/arm-toochain/gcc-arm-none-eabi-10.3-2021.10/bin/../lib/gcc/arm-none-eabi/10.3.1/../../../../arm-none-eabi/lib/thumb/v7-m/nofp/libc_nano.a(lib_a-closer.o)
                0x00000000080048c4                _close_r
 .text.__sflush_r
                0x00000000080048e4      0x104 /home/sailor/arm-toochain/gcc-arm-none-eabi-10.3-2021.10/bin/../lib/gcc/arm-none-eabi/10.3.1/../../../../arm-none-eabi/lib/thumb/v7-m/nofp/libc_nano.a(lib_a-fflush.o)
                0x00000000080048e4                __sflush_r
 .text._fflush_r
                0x00000000080049e8       0x78 /home/sailor/arm-toochain/gcc-arm-none-eabi-10.3-2021.10/bin/../lib/gcc/arm-none-eabi/10.3.1/../../../../arm-none-eabi/lib/thumb/v7-m/nofp/libc_nano.a(lib_a-fflush.o)
                0x00000000080049e8                _fflush_r
 .text._lseek_r
                0x0000000008004a60       0x24 /home/sailor/arm-toochain/gcc-arm-none-eabi-10.3-2021.10/bin/../lib/gcc/arm-none-eabi/10.3.1/../../../../arm-none-eabi/lib/thumb/v7-m/nofp/libc_nano.a(lib_a-lseekr.o)
                0x0000000008004a60                _lseek_r
 .text.__swhatbuf_r
                0x0000000008004a84       0x4a /home/sailor/arm-toochain/gcc-arm-none-eabi-10.3-2021.10/bin/../lib/gcc/arm-none-eabi/10.3.1/../../../../arm-none-eabi/lib/thumb/v7-m/nofp/libc_nano.a(lib_a-makebuf.o)
                0x0000000008004a84                __swhatbuf_r
 *fill*         0x0000000008004ace        0x2 
 .text.__smakebuf_r
                0x0000000008004ad0       0x80 /home/sailor/arm-toochain/gcc-arm-none-eabi-10.3-2021.10/bin/../lib/gcc/arm-none-eabi/10.3.1/../../../../arm-none-eabi/lib/thumb/v7-m/nofp/libc_nano.a(lib_a-makebuf.o)
                0x0000000008004ad0                __smakebuf_r
 .text.memchr   0x0000000008004b50       0x1c /home/sailor/arm-toochain/gcc-arm-none-eabi-10.3-2021.10/bin/../lib/gcc/arm-none-eabi/10.3.1/../../../../arm-none-eabi/lib/thumb/v7-m/nofp/libc_nano.a(lib_a-memchr-stub.o)
                0x0000000008004b50                memchr
 .text.__malloc_lock
                0x0000000008004b6c        0xc /home/sailor/arm-toochain/gcc-arm-none-eabi-10.3-2021.10/bin/../lib/gcc/arm-none-eabi/10.3.1/../../../../arm-none-eabi/lib/thumb/v7-m/nofp/libc_nano.a(lib_a-mlock.o)
                0x0000000008004b6c                __malloc_lock
 .text.__malloc_unlock
                0x0000000008004b78        0xc /home/sailor/arm-toochain/gcc-arm-none-eabi-10.3-2021.10/bin/../lib/gcc/arm-none-eabi/10.3.1/../../../../arm-none-eabi/lib/thumb/v7-m/nofp/libc_nano.a(lib_a-mlock.o)
                0x0000000008004b78                __malloc_unlock
 .text._free_r  0x0000000008004b84       0x90 /home/sailor/arm-toochain/gcc-arm-none-eabi-10.3-2021.10/bin/../lib/gcc/arm-none-eabi/10.3.1/../../../../arm-none-eabi/lib/thumb/v7-m/nofp/libc_nano.a(lib_a-nano-freer.o)
                0x0000000008004b84                _free_r
 .text._read_r  0x0000000008004c14       0x24 /home/sailor/arm-toochain/gcc-arm-none-eabi-10.3-2021.10/bin/../lib/gcc/arm-none-eabi/10.3.1/../../../../arm-none-eabi/lib/thumb/v7-m/nofp/libc_nano.a(lib_a-readr.o)
                0x0000000008004c14                _read_r
 .text._fstat_r
                0x0000000008004c38       0x24 /home/sailor/arm-toochain/gcc-arm-none-eabi-10.3-2021.10/bin/../lib/gcc/arm-none-eabi/10.3.1/../../../../arm-none-eabi/lib/thumb/v7-m/nofp/libc_nano.a(lib_a-fstatr.o)
                0x0000000008004c38                _fstat_r
 .text._isatty_r
                0x0000000008004c5c       0x20 /home/sailor/arm-toochain/gcc-arm-none-eabi-10.3-2021.10/bin/../lib/gcc/arm-none-eabi/10.3.1/../../../../arm-none-eabi/lib/thumb/v7-m/nofp/libc_nano.a(lib_a-isattyr.o)
                0x0000000008004c5c                _isatty_r
 .text._close   0x0000000008004c7c       0x10 /home/sailor/arm-toochain/gcc-arm-none-eabi-10.3-2021.10/bin/../lib/gcc/arm-none-eabi/10.3.1/../../../../arm-none-eabi/lib/thumb/v7-m/nofp/libnosys.a(close.o)
                0x0000000008004c7c                _close
 .text._fstat   0x0000000008004c8c       0x10 /home/sailor/arm-toochain/gcc-arm-none-eabi-10.3-2021.10/bin/../lib/gcc/arm-none-eabi/10.3.1/../../../../arm-none-eabi/lib/thumb/v7-m/nofp/libnosys.a(fstat.o)
                0x0000000008004c8c                _fstat
 .text._isatty  0x0000000008004c9c       0x10 /home/sailor/arm-toochain/gcc-arm-none-eabi-10.3-2021.10/bin/../lib/gcc/arm-none-eabi/10.3.1/../../../../arm-none-eabi/lib/thumb/v7-m/nofp/libnosys.a(isatty.o)
                0x0000000008004c9c                _isatty
 .text._lseek   0x0000000008004cac       0x10 /home/sailor/arm-toochain/gcc-arm-none-eabi-10.3-2021.10/bin/../lib/gcc/arm-none-eabi/10.3.1/../../../../arm-none-eabi/lib/thumb/v7-m/nofp/libnosys.a(lseek.o)
                0x0000000008004cac                _lseek
 .text._read    0x0000000008004cbc       0x10 /home/sailor/arm-toochain/gcc-arm-none-eabi-10.3-2021.10/bin/../lib/gcc/arm-none-eabi/10.3.1/../../../../arm-none-eabi/lib/thumb/v7-m/nofp/libnosys.a(read.o)
                0x0000000008004cbc                _read
 .text._sbrk    0x0000000008004ccc       0x1c /home/sailor/arm-toochain/gcc-arm-none-eabi-10.3-2021.10/bin/../lib/gcc/arm-none-eabi/10.3.1/../../../../arm-none-eabi/lib/thumb/v7-m/nofp/libnosys.a(sbrk.o)
                0x0000000008004ccc                _sbrk
 .text._write   0x0000000008004ce8       0x10 /home/sailor/arm-toochain/gcc-arm-none-eabi-10.3-2021.10/bin/../lib/gcc/arm-none-eabi/10.3.1/../../../../arm-none-eabi/lib/thumb/v7-m/nofp/libnosys.a(write.o)
                0x0000000008004ce8                _write
 *(.glue_7)
 .glue_7        0x0000000008004cf8        0x0 linker stubs
 *(.glue_7t)
 .glue_7t       0x0000000008004cf8        0x0 linker stubs
 *(.eh_frame)
 .eh_frame      0x0000000008004cf8        0x0 /home/sailor/arm-toochain/gcc-arm-none-eabi-10.3-2021.10/bin/../lib/gcc/arm-none-eabi/10.3.1/thumb/v7-m/nofp/crtbegin.o
 *(.init)
 .init          0x0000000008004cf8        0x4 /home/sailor/arm-toochain/gcc-arm-none-eabi-10.3-2021.10/bin/../lib/gcc/arm-none-eabi/10.3.1/thumb/v7-m/nofp/crti.o
                0x0000000008004cf8                _init
 .init          0x0000000008004cfc        0x8 /home/sailor/arm-toochain/gcc-arm-none-eabi-10.3-2021.10/bin/../lib/gcc/arm-none-eabi/10.3.1/thumb/v7-m/nofp/crtn.o
 *(.fini)
 .fini          0x0000000008004d04        0x4 /home/sailor/arm-toochain/gcc-arm-none-eabi-10.3-2021.10/bin/../lib/gcc/arm-none-eabi/10.3.1/thumb/v7-m/nofp/crti.o
                0x0000000008004d04                _fini
 .fini          0x0000000008004d08        0x8 /home/sailor/arm-toochain/gcc-arm-none-eabi-10.3-2021.10/bin/../lib/gcc/arm-none-eabi/10.3.1/thumb/v7-m/nofp/crtn.o
                0x0000000008004d10                . = ALIGN (0x4)
                0x0000000008004d10                _etext = .

.vfp11_veneer   0x0000000008004d10        0x0
 .vfp11_veneer  0x0000000008004d10        0x0 linker stubs

.v4_bx          0x0000000008004d10        0x0
 .v4_bx         0x0000000008004d10        0x0 linker stubs

.iplt           0x0000000008004d10        0x0
 .iplt          0x0000000008004d10        0x0 /home/sailor/arm-toochain/gcc-arm-none-eabi-10.3-2021.10/bin/../lib/gcc/arm-none-eabi/10.3.1/thumb/v7-m/nofp/crtbegin.o

.rodata         0x0000000008004d10      0x144
                0x0000000008004d10                . = ALIGN (0x4)
 *(.rodata)
 *(.rodata*)
 .rodata.main.str1.4
                0x0000000008004d10        0x6 build/main.o
 *fill*         0x0000000008004d16        0x2 
 .rodata.USBD_FS_ProductStrDescriptor.str1.4
                0x0000000008004d18       0x16 build/usbd_desc.o
 *fill*         0x0000000008004d2e        0x2 
 .rodata.USBD_FS_ManufacturerStrDescriptor.str1.4
                0x0000000008004d30       0x13 build/usbd_desc.o
 *fill*         0x0000000008004d43        0x1 
 .rodata.USBD_FS_ConfigStrDescriptor.str1.4
                0x0000000008004d44        0xb build/usbd_desc.o
 *fill*         0x0000000008004d4f        0x1 
 .rodata.USBD_FS_InterfaceStrDescriptor.str1.4
                0x0000000008004d50        0xe build/usbd_desc.o
 *fill*         0x0000000008004d5e        0x2 
 .rodata.HAL_RCC_GetSysClockFreq.str1.4
                0x0000000008004d60       0x11 build/stm32f1xx_hal_rcc.o
 *fill*         0x0000000008004d71        0x3 
 .rodata.AHBPrescTable
                0x0000000008004d74       0x10 build/system_stm32f1xx.o
                0x0000000008004d74                AHBPrescTable
 .rodata.USBD_Init.str1.4
                0x0000000008004d84       0x1e build/usbd_core.o
 *fill*         0x0000000008004da2        0x2 
 .rodata.USBD_RegisterClass.str1.4
                0x0000000008004da4       0x15 build/usbd_core.o
 *fill*         0x0000000008004db9        0x3 
 .rodata._global_impure_ptr
                0x0000000008004dbc        0x4 /home/sailor/arm-toochain/gcc-arm-none-eabi-10.3-2021.10/bin/../lib/gcc/arm-none-eabi/10.3.1/../../../../arm-none-eabi/lib/thumb/v7-m/nofp/libc_nano.a(lib_a-impure.o)
                0x0000000008004dbc                _global_impure_ptr
 .rodata.__sf_fake_stderr
                0x0000000008004dc0       0x20 /home/sailor/arm-toochain/gcc-arm-none-eabi-10.3-2021.10/bin/../lib/gcc/arm-none-eabi/10.3.1/../../../../arm-none-eabi/lib/thumb/v7-m/nofp/libc_nano.a(lib_a-findfp.o)
                0x0000000008004dc0                __sf_fake_stderr
 .rodata.__sf_fake_stdin
                0x0000000008004de0       0x20 /home/sailor/arm-toochain/gcc-arm-none-eabi-10.3-2021.10/bin/../lib/gcc/arm-none-eabi/10.3.1/../../../../arm-none-eabi/lib/thumb/v7-m/nofp/libc_nano.a(lib_a-findfp.o)
                0x0000000008004de0                __sf_fake_stdin
 .rodata.__sf_fake_stdout
                0x0000000008004e00       0x20 /home/sailor/arm-toochain/gcc-arm-none-eabi-10.3-2021.10/bin/../lib/gcc/arm-none-eabi/10.3.1/../../../../arm-none-eabi/lib/thumb/v7-m/nofp/libc_nano.a(lib_a-findfp.o)
                0x0000000008004e00                __sf_fake_stdout
 .rodata._vfprintf_r.str1.1
                0x0000000008004e20       0x11 /home/sailor/arm-toochain/gcc-arm-none-eabi-10.3-2021.10/bin/../lib/gcc/arm-none-eabi/10.3.1/../../../../arm-none-eabi/lib/thumb/v7-m/nofp/libc_nano.a(lib_a-nano-vfprintf.o)
 .rodata._printf_i.str1.1
                0x0000000008004e31       0x22 /home/sailor/arm-toochain/gcc-arm-none-eabi-10.3-2021.10/bin/../lib/gcc/arm-none-eabi/10.3.1/../../../../arm-none-eabi/lib/thumb/v7-m/nofp/libc_nano.a(lib_a-nano-vfprintf_i.o)
                0x0000000008004e54                . = ALIGN (0x4)
 *fill*         0x0000000008004e53        0x1 

.rel.dyn        0x0000000008004e54        0x0
 .rel.iplt      0x0000000008004e54        0x0 /home/sailor/arm-toochain/gcc-arm-none-eabi-10.3-2021.10/bin/../lib/gcc/arm-none-eabi/10.3.1/thumb/v7-m/nofp/crtbegin.o

.ARM.extab
 *(.ARM.extab* .gnu.linkonce.armextab.*)

.ARM            0x0000000008004e54        0x0
                0x0000000008004e54                __exidx_start = .
 *(.ARM.exidx*)
                0x0000000008004e54                __exidx_end = .

.preinit_array  0x0000000008004e54        0x0
                0x0000000008004e54                PROVIDE (__preinit_array_start = .)
 *(.preinit_array*)
                0x0000000008004e54                PROVIDE (__preinit_array_end = .)

.init_array     0x0000000008004e54        0x4
                0x0000000008004e54                PROVIDE (__init_array_start = .)
 *(SORT_BY_NAME(.init_array.*))
 *(.init_array*)
 .init_array    0x0000000008004e54        0x4 /home/sailor/arm-toochain/gcc-arm-none-eabi-10.3-2021.10/bin/../lib/gcc/arm-none-eabi/10.3.1/thumb/v7-m/nofp/crtbegin.o
                0x0000000008004e58                PROVIDE (__init_array_end = .)

.fini_array     0x0000000008004e58        0x4
                [!provide]                        PROVIDE (__fini_array_start = .)
 *(SORT_BY_NAME(.fini_array.*))
 *(.fini_array*)
 .fini_array    0x0000000008004e58        0x4 /home/sailor/arm-toochain/gcc-arm-none-eabi-10.3-2021.10/bin/../lib/gcc/arm-none-eabi/10.3.1/thumb/v7-m/nofp/crtbegin.o
                [!provide]                        PROVIDE (__fini_array_end = .)
                0x0000000008004e5c                _sidata = LOADADDR (.data)

.data           0x0000000020000000      0x1e0 load address 0x0000000008004e5c
                0x0000000020000000                . = ALIGN (0x4)
                0x0000000020000000                _sdata = .
 *(.data)
 *(.data*)
 .data.FS_Desc  0x0000000020000000       0x1c build/usbd_desc.o
                0x0000000020000000                FS_Desc
 .data.USBD_FS_DeviceDesc
                0x000000002000001c       0x12 build/usbd_desc.o
                0x000000002000001c                USBD_FS_DeviceDesc
 *fill*         0x000000002000002e        0x2 
 .data.USBD_LangIDDesc
                0x0000000020000030        0x4 build/usbd_desc.o
                0x0000000020000030                USBD_LangIDDesc
 .data.USBD_StringSerial
                0x0000000020000034       0x1a build/usbd_desc.o
                0x0000000020000034                USBD_StringSerial
 *fill*         0x000000002000004e        0x2 
 .data.USBD_Interface_fops_FS
                0x0000000020000050       0x10 build/usbd_cdc_if.o
                0x0000000020000050                USBD_Interface_fops_FS
 .data.uwTickFreq
                0x0000000020000060        0x1 build/stm32f1xx_hal.o
                0x0000000020000060                uwTickFreq
 *fill*         0x0000000020000061        0x3 
 .data.uwTickPrio
                0x0000000020000064        0x4 build/stm32f1xx_hal.o
                0x0000000020000064                uwTickPrio
 .data.SystemCoreClock
                0x0000000020000068        0x4 build/system_stm32f1xx.o
                0x0000000020000068                SystemCoreClock
 .data.USBD_CDC
                0x000000002000006c       0x38 build/usbd_cdc.o
                0x000000002000006c                USBD_CDC
 .data.USBD_CDC_CfgFSDesc
                0x00000000200000a4       0x43 build/usbd_cdc.o
                0x00000000200000a4                USBD_CDC_CfgFSDesc
 *fill*         0x00000000200000e7        0x1 
 .data.USBD_CDC_CfgHSDesc
                0x00000000200000e8       0x43 build/usbd_cdc.o
                0x00000000200000e8                USBD_CDC_CfgHSDesc
 *fill*         0x000000002000012b        0x1 
 .data.USBD_CDC_DeviceQualifierDesc
                0x000000002000012c        0xa build/usbd_cdc.o
 *fill*         0x0000000020000136        0x2 
 .data.USBD_CDC_OtherSpeedCfgDesc
                0x0000000020000138       0x43 build/usbd_cdc.o
                0x0000000020000138                USBD_CDC_OtherSpeedCfgDesc
 *fill*         0x000000002000017b        0x1 
 .data._impure_ptr
                0x000000002000017c        0x4 /home/sailor/arm-toochain/gcc-arm-none-eabi-10.3-2021.10/bin/../lib/gcc/arm-none-eabi/10.3.1/../../../../arm-none-eabi/lib/thumb/v7-m/nofp/libc_nano.a(lib_a-impure.o)
                0x000000002000017c                _impure_ptr
 .data.impure_data
                0x0000000020000180       0x60 /home/sailor/arm-toochain/gcc-arm-none-eabi-10.3-2021.10/bin/../lib/gcc/arm-none-eabi/10.3.1/../../../../arm-none-eabi/lib/thumb/v7-m/nofp/libc_nano.a(lib_a-impure.o)
                0x00000000200001e0                . = ALIGN (0x4)
                0x00000000200001e0                _edata = .

.igot.plt       0x00000000200001e0        0x0 load address 0x000000000800503c
 .igot.plt      0x00000000200001e0        0x0 /home/sailor/arm-toochain/gcc-arm-none-eabi-10.3-2021.10/bin/../lib/gcc/arm-none-eabi/10.3.1/thumb/v7-m/nofp/crtbegin.o
                0x00000000200001e0                . = ALIGN (0x4)

.bss            0x00000000200001e0     0x1204 load address 0x000000000800503c
                0x00000000200001e0                _sbss = .
                0x00000000200001e0                __bss_start__ = _sbss
 *(.bss)
 .bss           0x00000000200001e0       0x1c /home/sailor/arm-toochain/gcc-arm-none-eabi-10.3-2021.10/bin/../lib/gcc/arm-none-eabi/10.3.1/thumb/v7-m/nofp/crtbegin.o
 *(.bss*)
 .bss.hUsbDeviceFS
                0x00000000200001fc      0x2c4 build/usb_device.o
                0x00000000200001fc                hUsbDeviceFS
 .bss.USBD_StrDesc
                0x00000000200004c0      0x200 build/usbd_desc.o
                0x00000000200004c0                USBD_StrDesc
 .bss.UserRxBufferFS
                0x00000000200006c0      0x400 build/usbd_cdc_if.o
                0x00000000200006c0                UserRxBufferFS
 .bss.UserTxBufferFS
                0x0000000020000ac0      0x400 build/usbd_cdc_if.o
                0x0000000020000ac0                UserTxBufferFS
 .bss.hpcd_USB_FS
                0x0000000020000ec0      0x2ec build/usbd_conf.o
                0x0000000020000ec0                hpcd_USB_FS
 .bss.mem.0     0x00000000200011ac      0x220 build/usbd_conf.o
 .bss.uwTick    0x00000000200013cc        0x4 build/stm32f1xx_hal.o
                0x00000000200013cc                uwTick
 .bss.cfgidx.0  0x00000000200013d0        0x1 build/usbd_ctlreq.o
 .bss.__lock___malloc_recursive_mutex
                0x00000000200013d1        0x1 /home/sailor/arm-toochain/gcc-arm-none-eabi-10.3-2021.10/bin/../lib/gcc/arm-none-eabi/10.3.1/../../../../arm-none-eabi/lib/thumb/v7-m/nofp/libc_nano.a(lib_a-lock.o)
                0x00000000200013d1                __lock___malloc_recursive_mutex
 .bss.__lock___sfp_recursive_mutex
                0x00000000200013d2        0x1 /home/sailor/arm-toochain/gcc-arm-none-eabi-10.3-2021.10/bin/../lib/gcc/arm-none-eabi/10.3.1/../../../../arm-none-eabi/lib/thumb/v7-m/nofp/libc_nano.a(lib_a-lock.o)
                0x00000000200013d2                __lock___sfp_recursive_mutex
 .bss.__lock___sinit_recursive_mutex
                0x00000000200013d3        0x1 /home/sailor/arm-toochain/gcc-arm-none-eabi-10.3-2021.10/bin/../lib/gcc/arm-none-eabi/10.3.1/../../../../arm-none-eabi/lib/thumb/v7-m/nofp/libc_nano.a(lib_a-lock.o)
                0x00000000200013d3                __lock___sinit_recursive_mutex
 .bss.__malloc_free_list
                0x00000000200013d4        0x4 /home/sailor/arm-toochain/gcc-arm-none-eabi-10.3-2021.10/bin/../lib/gcc/arm-none-eabi/10.3.1/../../../../arm-none-eabi/lib/thumb/v7-m/nofp/libc_nano.a(lib_a-nano-mallocr.o)
                0x00000000200013d4                __malloc_free_list
 .bss.__malloc_sbrk_start
                0x00000000200013d8        0x4 /home/sailor/arm-toochain/gcc-arm-none-eabi-10.3-2021.10/bin/../lib/gcc/arm-none-eabi/10.3.1/../../../../arm-none-eabi/lib/thumb/v7-m/nofp/libc_nano.a(lib_a-nano-mallocr.o)
                0x00000000200013d8                __malloc_sbrk_start
 .bss.errno     0x00000000200013dc        0x4 /home/sailor/arm-toochain/gcc-arm-none-eabi-10.3-2021.10/bin/../lib/gcc/arm-none-eabi/10.3.1/../../../../arm-none-eabi/lib/thumb/v7-m/nofp/libc_nano.a(lib_a-reent.o)
                0x00000000200013dc                errno
 .bss.heap_end.0
                0x00000000200013e0        0x4 /home/sailor/arm-toochain/gcc-arm-none-eabi-10.3-2021.10/bin/../lib/gcc/arm-none-eabi/10.3.1/../../../../arm-none-eabi/lib/thumb/v7-m/nofp/libnosys.a(sbrk.o)
 *(COMMON)
                0x00000000200013e4                . = ALIGN (0x4)
                0x00000000200013e4                _ebss = .
                0x00000000200013e4                __bss_end__ = _ebss

._user_heap_stack
                0x00000000200013e4      0x604 load address 0x000000000800503c
                0x00000000200013e8                . = ALIGN (0x8)
 *fill*         0x00000000200013e4        0x4 
                0x00000000200013e8                PROVIDE (end = .)
                [!provide]                        PROVIDE (_end = .)
                0x00000000200015e8                . = (. + _Min_Heap_Size)
 *fill*         0x00000000200013e8      0x200 
                0x00000000200019e8                . = (. + _Min_Stack_Size)
 *fill*         0x00000000200015e8      0x400 
                0x00000000200019e8                . = ALIGN (0x8)

/DISCARD/
 libc.a(*)
 libm.a(*)
 libgcc.a(*)

.ARM.attributes
                0x0000000000000000       0x29
 *(.ARM.attributes)
 .ARM.attributes
                0x0000000000000000       0x1d /home/sailor/arm-toochain/gcc-arm-none-eabi-10.3-2021.10/bin/../lib/gcc/arm-none-eabi/10.3.1/thumb/v7-m/nofp/crti.o
 .ARM.attributes
                0x000000000000001d       0x2d /home/sailor/arm-toochain/gcc-arm-none-eabi-10.3-2021.10/bin/../lib/gcc/arm-none-eabi/10.3.1/thumb/v7-m/nofp/crtbegin.o
 .ARM.attributes
                0x000000000000004a       0x2d build/main.o
 .ARM.attributes
                0x0000000000000077       0x2d build/stm32f1xx_it.o
 .ARM.attributes
                0x00000000000000a4       0x2d build/stm32f1xx_hal_msp.o
 .ARM.attributes
                0x00000000000000d1       0x2d build/usb_device.o
 .ARM.attributes
                0x00000000000000fe       0x2d build/usbd_desc.o
 .ARM.attributes
                0x000000000000012b       0x2d build/usbd_cdc_if.o
 .ARM.attributes
                0x0000000000000158       0x2d build/usbd_conf.o
 .ARM.attributes
                0x0000000000000185       0x2d build/stm32f1xx_hal_pcd.o
 .ARM.attributes
                0x00000000000001b2       0x2d build/stm32f1xx_hal_pcd_ex.o
 .ARM.attributes
                0x00000000000001df       0x2d build/stm32f1xx_ll_usb.o
 .ARM.attributes
                0x000000000000020c       0x2d build/stm32f1xx_hal.o
 .ARM.attributes
                0x0000000000000239       0x2d build/stm32f1xx_hal_rcc.o
 .ARM.attributes
                0x0000000000000266       0x2d build/stm32f1xx_hal_rcc_ex.o
 .ARM.attributes
                0x0000000000000293       0x2d build/stm32f1xx_hal_cortex.o
 .ARM.attributes
                0x00000000000002c0       0x2d build/system_stm32f1xx.o
 .ARM.attributes
                0x00000000000002ed       0x2d build/usbd_core.o
 .ARM.attributes
                0x000000000000031a       0x2d build/usbd_ctlreq.o
 .ARM.attributes
                0x0000000000000347       0x2d build/usbd_ioreq.o
 .ARM.attributes
                0x0000000000000374       0x2d build/usbd_cdc.o
 .ARM.attributes
                0x00000000000003a1       0x21 build/startup_stm32f103xb.o
 .ARM.attributes
                0x00000000000003c2       0x2d /home/sailor/arm-toochain/gcc-arm-none-eabi-10.3-2021.10/bin/../lib/gcc/arm-none-eabi/10.3.1/../../../../arm-none-eabi/lib/thumb/v7-m/nofp/libc_nano.a(lib_a-impure.o)
 .ARM.attributes
                0x00000000000003ef       0x2d /home/sailor/arm-toochain/gcc-arm-none-eabi-10.3-2021.10/bin/../lib/gcc/arm-none-eabi/10.3.1/../../../../arm-none-eabi/lib/thumb/v7-m/nofp/libc_nano.a(lib_a-init.o)
 .ARM.attributes
                0x000000000000041c       0x2d /home/sailor/arm-toochain/gcc-arm-none-eabi-10.3-2021.10/bin/../lib/gcc/arm-none-eabi/10.3.1/../../../../arm-none-eabi/lib/thumb/v7-m/nofp/libc_nano.a(lib_a-memset.o)
 .ARM.attributes
                0x0000000000000449       0x2d /home/sailor/arm-toochain/gcc-arm-none-eabi-10.3-2021.10/bin/../lib/gcc/arm-none-eabi/10.3.1/../../../../arm-none-eabi/lib/thumb/v7-m/nofp/libc_nano.a(lib_a-printf.o)
 .ARM.attributes
                0x0000000000000476       0x2d /home/sailor/arm-toochain/gcc-arm-none-eabi-10.3-2021.10/bin/../lib/gcc/arm-none-eabi/10.3.1/../../../../arm-none-eabi/lib/thumb/v7-m/nofp/libc_nano.a(lib_a-putchar.o)
 .ARM.attributes
                0x00000000000004a3       0x17 /home/sailor/arm-toochain/gcc-arm-none-eabi-10.3-2021.10/bin/../lib/gcc/arm-none-eabi/10.3.1/../../../../arm-none-eabi/lib/thumb/v7-m/nofp/libc_nano.a(lib_a-strlen.o)
 .ARM.attributes
                0x00000000000004ba       0x2d /home/sailor/arm-toochain/gcc-arm-none-eabi-10.3-2021.10/bin/../lib/gcc/arm-none-eabi/10.3.1/../../../../arm-none-eabi/lib/thumb/v7-m/nofp/libc_nano.a(lib_a-findfp.o)
 .ARM.attributes
                0x00000000000004e7       0x2d /home/sailor/arm-toochain/gcc-arm-none-eabi-10.3-2021.10/bin/../lib/gcc/arm-none-eabi/10.3.1/../../../../arm-none-eabi/lib/thumb/v7-m/nofp/libc_nano.a(lib_a-fwalk.o)
 .ARM.attributes
                0x0000000000000514       0x2d /home/sailor/arm-toochain/gcc-arm-none-eabi-10.3-2021.10/bin/../lib/gcc/arm-none-eabi/10.3.1/../../../../arm-none-eabi/lib/thumb/v7-m/nofp/libc_nano.a(lib_a-lock.o)
 .ARM.attributes
                0x0000000000000541       0x2d /home/sailor/arm-toochain/gcc-arm-none-eabi-10.3-2021.10/bin/../lib/gcc/arm-none-eabi/10.3.1/../../../../arm-none-eabi/lib/thumb/v7-m/nofp/libc_nano.a(lib_a-nano-mallocr.o)
 .ARM.attributes
                0x000000000000056e       0x2d /home/sailor/arm-toochain/gcc-arm-none-eabi-10.3-2021.10/bin/../lib/gcc/arm-none-eabi/10.3.1/../../../../arm-none-eabi/lib/thumb/v7-m/nofp/libc_nano.a(lib_a-nano-vfprintf.o)
 .ARM.attributes
                0x000000000000059b       0x2d /home/sailor/arm-toochain/gcc-arm-none-eabi-10.3-2021.10/bin/../lib/gcc/arm-none-eabi/10.3.1/../../../../arm-none-eabi/lib/thumb/v7-m/nofp/libc_nano.a(lib_a-nano-vfprintf_i.o)
 .ARM.attributes
                0x00000000000005c8       0x2d /home/sailor/arm-toochain/gcc-arm-none-eabi-10.3-2021.10/bin/../lib/gcc/arm-none-eabi/10.3.1/../../../../arm-none-eabi/lib/thumb/v7-m/nofp/libc_nano.a(lib_a-putc.o)
 .ARM.attributes
                0x00000000000005f5       0x2d /home/sailor/arm-toochain/gcc-arm-none-eabi-10.3-2021.10/bin/../lib/gcc/arm-none-eabi/10.3.1/../../../../arm-none-eabi/lib/thumb/v7-m/nofp/libc_nano.a(lib_a-sbrkr.o)
 .ARM.attributes
                0x0000000000000622       0x2d /home/sailor/arm-toochain/gcc-arm-none-eabi-10.3-2021.10/bin/../lib/gcc/arm-none-eabi/10.3.1/../../../../arm-none-eabi/lib/thumb/v7-m/nofp/libc_nano.a(lib_a-stdio.o)
 .ARM.attributes
                0x000000000000064f       0x2d /home/sailor/arm-toochain/gcc-arm-none-eabi-10.3-2021.10/bin/../lib/gcc/arm-none-eabi/10.3.1/../../../../arm-none-eabi/lib/thumb/v7-m/nofp/libc_nano.a(lib_a-wbuf.o)
 .ARM.attributes
                0x000000000000067c       0x2d /home/sailor/arm-toochain/gcc-arm-none-eabi-10.3-2021.10/bin/../lib/gcc/arm-none-eabi/10.3.1/../../../../arm-none-eabi/lib/thumb/v7-m/nofp/libc_nano.a(lib_a-writer.o)
 .ARM.attributes
                0x00000000000006a9       0x2d /home/sailor/arm-toochain/gcc-arm-none-eabi-10.3-2021.10/bin/../lib/gcc/arm-none-eabi/10.3.1/../../../../arm-none-eabi/lib/thumb/v7-m/nofp/libc_nano.a(lib_a-wsetup.o)
 .ARM.attributes
                0x00000000000006d6       0x2d /home/sailor/arm-toochain/gcc-arm-none-eabi-10.3-2021.10/bin/../lib/gcc/arm-none-eabi/10.3.1/../../../../arm-none-eabi/lib/thumb/v7-m/nofp/libc_nano.a(lib_a-closer.o)
 .ARM.attributes
                0x0000000000000703       0x2d /home/sailor/arm-toochain/gcc-arm-none-eabi-10.3-2021.10/bin/../lib/gcc/arm-none-eabi/10.3.1/../../../../arm-none-eabi/lib/thumb/v7-m/nofp/libc_nano.a(lib_a-fflush.o)
 .ARM.attributes
                0x0000000000000730       0x2d /home/sailor/arm-toochain/gcc-arm-none-eabi-10.3-2021.10/bin/../lib/gcc/arm-none-eabi/10.3.1/../../../../arm-none-eabi/lib/thumb/v7-m/nofp/libc_nano.a(lib_a-lseekr.o)
 .ARM.attributes
                0x000000000000075d       0x2d /home/sailor/arm-toochain/gcc-arm-none-eabi-10.3-2021.10/bin/../lib/gcc/arm-none-eabi/10.3.1/../../../../arm-none-eabi/lib/thumb/v7-m/nofp/libc_nano.a(lib_a-makebuf.o)
 .ARM.attributes
                0x000000000000078a       0x2d /home/sailor/arm-toochain/gcc-arm-none-eabi-10.3-2021.10/bin/../lib/gcc/arm-none-eabi/10.3.1/../../../../arm-none-eabi/lib/thumb/v7-m/nofp/libc_nano.a(lib_a-memchr-stub.o)
 .ARM.attributes
                0x00000000000007b7       0x2d /home/sailor/arm-toochain/gcc-arm-none-eabi-10.3-2021.10/bin/../lib/gcc/arm-none-eabi/10.3.1/../../../../arm-none-eabi/lib/thumb/v7-m/nofp/libc_nano.a(lib_a-mlock.o)
 .ARM.attributes
                0x00000000000007e4       0x2d /home/sailor/arm-toochain/gcc-arm-none-eabi-10.3-2021.10/bin/../lib/gcc/arm-none-eabi/10.3.1/../../../../arm-none-eabi/lib/thumb/v7-m/nofp/libc_nano.a(lib_a-nano-freer.o)
 .ARM.attributes
                0x0000000000000811       0x2d /home/sailor/arm-toochain/gcc-arm-none-eabi-10.3-2021.10/bin/../lib/gcc/arm-none-eabi/10.3.1/../../../../arm-none-eabi/lib/thumb/v7-m/nofp/libc_nano.a(lib_a-readr.o)
 .ARM.attributes
                0x000000000000083e       0x2d /home/sailor/arm-toochain/gcc-arm-none-eabi-10.3-2021.10/bin/../lib/gcc/arm-none-eabi/10.3.1/../../../../arm-none-eabi/lib/thumb/v7-m/nofp/libc_nano.a(lib_a-reent.o)
 .ARM.attributes
                0x000000000000086b       0x2d /home/sailor/arm-toochain/gcc-arm-none-eabi-10.3-2021.10/bin/../lib/gcc/arm-none-eabi/10.3.1/../../../../arm-none-eabi/lib/thumb/v7-m/nofp/libc_nano.a(lib_a-fstatr.o)
 .ARM.attributes
                0x0000000000000898       0x2d /home/sailor/arm-toochain/gcc-arm-none-eabi-10.3-2021.10/bin/../lib/gcc/arm-none-eabi/10.3.1/../../../../arm-none-eabi/lib/thumb/v7-m/nofp/libc_nano.a(lib_a-isattyr.o)
 .ARM.attributes
                0x00000000000008c5       0x2d /home/sailor/arm-toochain/gcc-arm-none-eabi-10.3-2021.10/bin/../lib/gcc/arm-none-eabi/10.3.1/../../../../arm-none-eabi/lib/thumb/v7-m/nofp/libnosys.a(close.o)
 .ARM.attributes
                0x00000000000008f2       0x2d /home/sailor/arm-toochain/gcc-arm-none-eabi-10.3-2021.10/bin/../lib/gcc/arm-none-eabi/10.3.1/../../../../arm-none-eabi/lib/thumb/v7-m/nofp/libnosys.a(fstat.o)
 .ARM.attributes
                0x000000000000091f       0x2d /home/sailor/arm-toochain/gcc-arm-none-eabi-10.3-2021.10/bin/../lib/gcc/arm-none-eabi/10.3.1/../../../../arm-none-eabi/lib/thumb/v7-m/nofp/libnosys.a(isatty.o)
 .ARM.attributes
                0x000000000000094c       0x2d /home/sailor/arm-toochain/gcc-arm-none-eabi-10.3-2021.10/bin/../lib/gcc/arm-none-eabi/10.3.1/../../../../arm-none-eabi/lib/thumb/v7-m/nofp/libnosys.a(lseek.o)
 .ARM.attributes
                0x0000000000000979       0x2d /home/sailor/arm-toochain/gcc-arm-none-eabi-10.3-2021.10/bin/../lib/gcc/arm-none-eabi/10.3.1/../../../../arm-none-eabi/lib/thumb/v7-m/nofp/libnosys.a(read.o)
 .ARM.attributes
                0x00000000000009a6       0x2d /home/sailor/arm-toochain/gcc-arm-none-eabi-10.3-2021.10/bin/../lib/gcc/arm-none-eabi/10.3.1/../../../../arm-none-eabi/lib/thumb/v7-m/nofp/libnosys.a(sbrk.o)
 .ARM.attributes
                0x00000000000009d3       0x2d /home/sailor/arm-toochain/gcc-arm-none-eabi-10.3-2021.10/bin/../lib/gcc/arm-none-eabi/10.3.1/../../../../arm-none-eabi/lib/thumb/v7-m/nofp/libnosys.a(write.o)
 .ARM.attributes
                0x0000000000000a00       0x1d /home/sailor/arm-toochain/gcc-arm-none-eabi-10.3-2021.10/bin/../lib/gcc/arm-none-eabi/10.3.1/thumb/v7-m/nofp/crtn.o
OUTPUT(build/usb-com-test.elf elf32-littlearm)
LOAD linker stubs
LOAD /home/sailor/arm-toochain/gcc-arm-none-eabi-10.3-2021.10/bin/../lib/gcc/arm-none-eabi/10.3.1/../../../../arm-none-eabi/lib/thumb/v7-m/nofp/libc.a
LOAD /home/sailor/arm-toochain/gcc-arm-none-eabi-10.3-2021.10/bin/../lib/gcc/arm-none-eabi/10.3.1/../../../../arm-none-eabi/lib/thumb/v7-m/nofp/libm.a
LOAD /home/sailor/arm-toochain/gcc-arm-none-eabi-10.3-2021.10/bin/../lib/gcc/arm-none-eabi/10.3.1/thumb/v7-m/nofp/libgcc.a

.debug_info     0x0000000000000000     0xea9a
 .debug_info    0x0000000000000000      0x5ab build/main.o
 .debug_info    0x00000000000005ab      0x721 build/stm32f1xx_it.o
 .debug_info    0x0000000000000ccc      0x199 build/stm32f1xx_hal_msp.o
 .debug_info    0x0000000000000e65      0x741 build/usb_device.o
 .debug_info    0x00000000000015a6      0x62f build/usbd_desc.o
 .debug_info    0x0000000000001bd5      0x94d build/usbd_cdc_if.o
 .debug_info    0x0000000000002522     0x1d72 build/usbd_conf.o
 .debug_info    0x0000000000004294     0x1c82 build/stm32f1xx_hal_pcd.o
 .debug_info    0x0000000000005f16      0x7c7 build/stm32f1xx_hal_pcd_ex.o
 .debug_info    0x00000000000066dd     0x1d8c build/stm32f1xx_ll_usb.o
 .debug_info    0x0000000000008469      0x855 build/stm32f1xx_hal.o
 .debug_info    0x0000000000008cbe      0xaec build/stm32f1xx_hal_rcc.o
 .debug_info    0x00000000000097aa      0x479 build/stm32f1xx_hal_rcc_ex.o
 .debug_info    0x0000000000009c23      0xe2d build/stm32f1xx_hal_cortex.o
 .debug_info    0x000000000000aa50      0x26e build/system_stm32f1xx.o
 .debug_info    0x000000000000acbe      0xeff build/usbd_core.o
 .debug_info    0x000000000000bbbd     0x1135 build/usbd_ctlreq.o
 .debug_info    0x000000000000ccf2      0x883 build/usbd_ioreq.o
 .debug_info    0x000000000000d575     0x1503 build/usbd_cdc.o
 .debug_info    0x000000000000ea78       0x22 build/startup_stm32f103xb.o

.debug_abbrev   0x0000000000000000     0x28cb
 .debug_abbrev  0x0000000000000000      0x206 build/main.o
 .debug_abbrev  0x0000000000000206      0x168 build/stm32f1xx_it.o
 .debug_abbrev  0x000000000000036e       0xc1 build/stm32f1xx_hal_msp.o
 .debug_abbrev  0x000000000000042f      0x181 build/usb_device.o
 .debug_abbrev  0x00000000000005b0      0x21f build/usbd_desc.o
 .debug_abbrev  0x00000000000007cf      0x26c build/usbd_cdc_if.o
 .debug_abbrev  0x0000000000000a3b      0x2f6 build/usbd_conf.o
 .debug_abbrev  0x0000000000000d31      0x2ea build/stm32f1xx_hal_pcd.o
 .debug_abbrev  0x000000000000101b      0x184 build/stm32f1xx_hal_pcd_ex.o
 .debug_abbrev  0x000000000000119f      0x25b build/stm32f1xx_ll_usb.o
 .debug_abbrev  0x00000000000013fa      0x1f7 build/stm32f1xx_hal.o
 .debug_abbrev  0x00000000000015f1      0x29a build/stm32f1xx_hal_rcc.o
 .debug_abbrev  0x000000000000188b      0x1d5 build/stm32f1xx_hal_rcc_ex.o
 .debug_abbrev  0x0000000000001a60      0x359 build/stm32f1xx_hal_cortex.o
 .debug_abbrev  0x0000000000001db9      0x140 build/system_stm32f1xx.o
 .debug_abbrev  0x0000000000001ef9      0x27b build/usbd_core.o
 .debug_abbrev  0x0000000000002174      0x2cd build/usbd_ctlreq.o
 .debug_abbrev  0x0000000000002441      0x16f build/usbd_ioreq.o
 .debug_abbrev  0x00000000000025b0      0x309 build/usbd_cdc.o
 .debug_abbrev  0x00000000000028b9       0x12 build/startup_stm32f103xb.o

.debug_loc      0x0000000000000000     0x9189
 .debug_loc     0x0000000000000000       0x9e build/main.o
 .debug_loc     0x000000000000009e       0x40 build/stm32f1xx_it.o
 .debug_loc     0x00000000000000de       0x2c build/stm32f1xx_hal_msp.o
 .debug_loc     0x000000000000010a       0x20 build/usb_device.o
 .debug_loc     0x000000000000012a      0x47b build/usbd_desc.o
 .debug_loc     0x00000000000005a5      0x197 build/usbd_cdc_if.o
 .debug_loc     0x000000000000073c      0xead build/usbd_conf.o
 .debug_loc     0x00000000000015e9     0x17ab build/stm32f1xx_hal_pcd.o
 .debug_loc     0x0000000000002d94      0x11a build/stm32f1xx_hal_pcd_ex.o
 .debug_loc     0x0000000000002eae     0x1d1e build/stm32f1xx_ll_usb.o
 .debug_loc     0x0000000000004bcc      0x1e1 build/stm32f1xx_hal.o
 .debug_loc     0x0000000000004dad      0x7ee build/stm32f1xx_hal_rcc.o
 .debug_loc     0x000000000000559b      0x444 build/stm32f1xx_hal_rcc_ex.o
 .debug_loc     0x00000000000059df      0x77f build/stm32f1xx_hal_cortex.o
 .debug_loc     0x000000000000615e       0xff build/system_stm32f1xx.o
 .debug_loc     0x000000000000625d      0xb88 build/usbd_core.o
 .debug_loc     0x0000000000006de5     0x1631 build/usbd_ctlreq.o
 .debug_loc     0x0000000000008416      0x364 build/usbd_ioreq.o
 .debug_loc     0x000000000000877a      0xa0f build/usbd_cdc.o

.debug_aranges  0x0000000000000000      0x998
 .debug_aranges
                0x0000000000000000       0x38 build/main.o
 .debug_aranges
                0x0000000000000038       0x68 build/stm32f1xx_it.o
 .debug_aranges
                0x00000000000000a0       0x20 build/stm32f1xx_hal_msp.o
 .debug_aranges
                0x00000000000000c0       0x20 build/usb_device.o
 .debug_aranges
                0x00000000000000e0       0x60 build/usbd_desc.o
 .debug_aranges
                0x0000000000000140       0x40 build/usbd_cdc_if.o
 .debug_aranges
                0x0000000000000180      0x118 build/usbd_conf.o
 .debug_aranges
                0x0000000000000298      0x138 build/stm32f1xx_hal_pcd.o
 .debug_aranges
                0x00000000000003d0       0x38 build/stm32f1xx_hal_pcd_ex.o
 .debug_aranges
                0x0000000000000408       0xf0 build/stm32f1xx_ll_usb.o
 .debug_aranges
                0x00000000000004f8       0xe0 build/stm32f1xx_hal.o
 .debug_aranges
                0x00000000000005d8       0x90 build/stm32f1xx_hal_rcc.o
 .debug_aranges
                0x0000000000000668       0x30 build/stm32f1xx_hal_rcc_ex.o
 .debug_aranges
                0x0000000000000698       0x90 build/stm32f1xx_hal_cortex.o
 .debug_aranges
                0x0000000000000728       0x28 build/system_stm32f1xx.o
 .debug_aranges
                0x0000000000000750       0xb8 build/usbd_core.o
 .debug_aranges
                0x0000000000000808       0x88 build/usbd_ctlreq.o
 .debug_aranges
                0x0000000000000890       0x50 build/usbd_ioreq.o
 .debug_aranges
                0x00000000000008e0       0x90 build/usbd_cdc.o
 .debug_aranges
                0x0000000000000970       0x28 build/startup_stm32f103xb.o

.debug_ranges   0x0000000000000000      0xc98
 .debug_ranges  0x0000000000000000       0x28 build/main.o
 .debug_ranges  0x0000000000000028       0x58 build/stm32f1xx_it.o
 .debug_ranges  0x0000000000000080       0x10 build/stm32f1xx_hal_msp.o
 .debug_ranges  0x0000000000000090       0x10 build/usb_device.o
 .debug_ranges  0x00000000000000a0       0x50 build/usbd_desc.o
 .debug_ranges  0x00000000000000f0       0x30 build/usbd_cdc_if.o
 .debug_ranges  0x0000000000000120      0x108 build/usbd_conf.o
 .debug_ranges  0x0000000000000228      0x208 build/stm32f1xx_hal_pcd.o
 .debug_ranges  0x0000000000000430       0x28 build/stm32f1xx_hal_pcd_ex.o
 .debug_ranges  0x0000000000000458      0x3a0 build/stm32f1xx_ll_usb.o
 .debug_ranges  0x00000000000007f8       0xd0 build/stm32f1xx_hal.o
 .debug_ranges  0x00000000000008c8       0xa0 build/stm32f1xx_hal_rcc.o
 .debug_ranges  0x0000000000000968       0x38 build/stm32f1xx_hal_rcc_ex.o
 .debug_ranges  0x00000000000009a0       0xe0 build/stm32f1xx_hal_cortex.o
 .debug_ranges  0x0000000000000a80       0x18 build/system_stm32f1xx.o
 .debug_ranges  0x0000000000000a98       0xa8 build/usbd_core.o
 .debug_ranges  0x0000000000000b40       0x78 build/usbd_ctlreq.o
 .debug_ranges  0x0000000000000bb8       0x40 build/usbd_ioreq.o
 .debug_ranges  0x0000000000000bf8       0x80 build/usbd_cdc.o
 .debug_ranges  0x0000000000000c78       0x20 build/startup_stm32f103xb.o

.debug_line     0x0000000000000000     0x88d3
 .debug_line    0x0000000000000000      0x3d4 build/main.o
 .debug_line    0x00000000000003d4      0x2da build/stm32f1xx_it.o
 .debug_line    0x00000000000006ae      0x166 build/stm32f1xx_hal_msp.o
 .debug_line    0x0000000000000814      0x219 build/usb_device.o
 .debug_line    0x0000000000000a2d      0x36b build/usbd_desc.o
 .debug_line    0x0000000000000d98      0x252 build/usbd_cdc_if.o
 .debug_line    0x0000000000000fea      0x7a5 build/usbd_conf.o
 .debug_line    0x000000000000178f     0x18ad build/stm32f1xx_hal_pcd.o
 .debug_line    0x000000000000303c      0x283 build/stm32f1xx_hal_pcd_ex.o
 .debug_line    0x00000000000032bf     0x1a8c build/stm32f1xx_ll_usb.o
 .debug_line    0x0000000000004d4b      0x51e build/stm32f1xx_hal.o
 .debug_line    0x0000000000005269      0xc1c build/stm32f1xx_hal_rcc.o
 .debug_line    0x0000000000005e85      0x48e build/stm32f1xx_hal_rcc_ex.o
 .debug_line    0x0000000000006313      0x629 build/stm32f1xx_hal_cortex.o
 .debug_line    0x000000000000693c      0x236 build/system_stm32f1xx.o
 .debug_line    0x0000000000006b72      0x7a8 build/usbd_core.o
 .debug_line    0x000000000000731a      0xb05 build/usbd_ctlreq.o
 .debug_line    0x0000000000007e1f      0x294 build/usbd_ioreq.o
 .debug_line    0x00000000000080b3      0x7ab build/usbd_cdc.o
 .debug_line    0x000000000000885e       0x75 build/startup_stm32f103xb.o

.debug_str      0x0000000000000000     0x2a76
 .debug_str     0x0000000000000000      0x3f5 build/main.o
                                        0x446 (size before relaxing)
 .debug_str     0x00000000000003f5      0x428 build/stm32f1xx_it.o
                                        0x5ba (size before relaxing)
 .debug_str     0x000000000000081d       0x29 build/stm32f1xx_hal_msp.o
                                        0x1ca (size before relaxing)
 .debug_str     0x0000000000000846      0x3d4 build/usb_device.o
                                        0x61f (size before relaxing)
 .debug_str     0x0000000000000c1a      0x181 build/usbd_desc.o
                                        0x42a (size before relaxing)
 .debug_str     0x0000000000000d9b      0x125 build/usbd_cdc_if.o
                                        0x6e6 (size before relaxing)
 .debug_str     0x0000000000000ec0      0x87c build/usbd_conf.o
                                       0x1175 (size before relaxing)
 .debug_str     0x000000000000173c      0x318 build/stm32f1xx_hal_pcd.o
                                        0xaa7 (size before relaxing)
 .debug_str     0x0000000000001a54      0x159 build/stm32f1xx_hal_pcd_ex.o
                                        0x6a1 (size before relaxing)
 .debug_str     0x0000000000001bad      0x13b build/stm32f1xx_ll_usb.o
                                        0x6d4 (size before relaxing)
 .debug_str     0x0000000000001ce8      0x2ff build/stm32f1xx_hal.o
                                        0x7fd (size before relaxing)
 .debug_str     0x0000000000001fe7      0x239 build/stm32f1xx_hal_rcc.o
                                        0x604 (size before relaxing)
 .debug_str     0x0000000000002220       0x9c build/stm32f1xx_hal_rcc_ex.o
                                        0x3ac (size before relaxing)
 .debug_str     0x00000000000022bc      0x31f build/stm32f1xx_hal_cortex.o
                                        0x8ac (size before relaxing)
 .debug_str     0x00000000000025db       0x4f build/system_stm32f1xx.o
                                        0x22d (size before relaxing)
 .debug_str     0x000000000000262a      0x157 build/usbd_core.o
                                        0x82b (size before relaxing)
 .debug_str     0x0000000000002781       0xe2 build/usbd_ctlreq.o
                                        0x724 (size before relaxing)
 .debug_str     0x0000000000002863       0x60 build/usbd_ioreq.o
                                        0x651 (size before relaxing)
 .debug_str     0x00000000000028c3      0x18f build/usbd_cdc.o
                                        0xbdf (size before relaxing)
 .debug_str     0x0000000000002a52       0x24 build/startup_stm32f103xb.o
                                         0x4c (size before relaxing)

.comment        0x0000000000000000       0x49
 .comment       0x0000000000000000       0x49 build/main.o
                                         0x4a (size before relaxing)
 .comment       0x0000000000000049       0x4a build/stm32f1xx_it.o
 .comment       0x0000000000000049       0x4a build/stm32f1xx_hal_msp.o
 .comment       0x0000000000000049       0x4a build/usb_device.o
 .comment       0x0000000000000049       0x4a build/usbd_desc.o
 .comment       0x0000000000000049       0x4a build/usbd_cdc_if.o
 .comment       0x0000000000000049       0x4a build/usbd_conf.o
 .comment       0x0000000000000049       0x4a build/stm32f1xx_hal_pcd.o
 .comment       0x0000000000000049       0x4a build/stm32f1xx_hal_pcd_ex.o
 .comment       0x0000000000000049       0x4a build/stm32f1xx_ll_usb.o
 .comment       0x0000000000000049       0x4a build/stm32f1xx_hal.o
 .comment       0x0000000000000049       0x4a build/stm32f1xx_hal_rcc.o
 .comment       0x0000000000000049       0x4a build/stm32f1xx_hal_rcc_ex.o
 .comment       0x0000000000000049       0x4a build/stm32f1xx_hal_cortex.o
 .comment       0x0000000000000049       0x4a build/system_stm32f1xx.o
 .comment       0x0000000000000049       0x4a build/usbd_core.o
 .comment       0x0000000000000049       0x4a build/usbd_ctlreq.o
 .comment       0x0000000000000049       0x4a build/usbd_ioreq.o
 .comment       0x0000000000000049       0x4a build/usbd_cdc.o

.debug_frame    0x0000000000000000     0x1f58
 .debug_frame   0x0000000000000000       0x70 build/main.o
 .debug_frame   0x0000000000000070       0xc0 build/stm32f1xx_it.o
 .debug_frame   0x0000000000000130       0x28 build/stm32f1xx_hal_msp.o
 .debug_frame   0x0000000000000158       0x28 build/usb_device.o
 .debug_frame   0x0000000000000180       0xe0 build/usbd_desc.o
 .debug_frame   0x0000000000000260       0x78 build/usbd_cdc_if.o
 .debug_frame   0x00000000000002d8      0x2ec build/usbd_conf.o
 .debug_frame   0x00000000000005c4      0x344 build/stm32f1xx_hal_pcd.o
 .debug_frame   0x0000000000000908       0x50 build/stm32f1xx_hal_pcd_ex.o
 .debug_frame   0x0000000000000958      0x1fc build/stm32f1xx_ll_usb.o
 .debug_frame   0x0000000000000b54      0x1cc build/stm32f1xx_hal.o
 .debug_frame   0x0000000000000d20      0x190 build/stm32f1xx_hal_rcc.o
 .debug_frame   0x0000000000000eb0       0x64 build/stm32f1xx_hal_rcc_ex.o
 .debug_frame   0x0000000000000f14      0x118 build/stm32f1xx_hal_cortex.o
 .debug_frame   0x000000000000102c       0x30 build/system_stm32f1xx.o
 .debug_frame   0x000000000000105c      0x1c8 build/usbd_core.o
 .debug_frame   0x0000000000001224      0x178 build/usbd_ctlreq.o
 .debug_frame   0x000000000000139c       0xb8 build/usbd_ioreq.o
 .debug_frame   0x0000000000001454      0x160 build/usbd_cdc.o
 .debug_frame   0x00000000000015b4       0x2c /home/sailor/arm-toochain/gcc-arm-none-eabi-10.3-2021.10/bin/../lib/gcc/arm-none-eabi/10.3.1/../../../../arm-none-eabi/lib/thumb/v7-m/nofp/libc_nano.a(lib_a-init.o)
 .debug_frame   0x00000000000015e0       0x20 /home/sailor/arm-toochain/gcc-arm-none-eabi-10.3-2021.10/bin/../lib/gcc/arm-none-eabi/10.3.1/../../../../arm-none-eabi/lib/thumb/v7-m/nofp/libc_nano.a(lib_a-memset.o)
 .debug_frame   0x0000000000001600       0x74 /home/sailor/arm-toochain/gcc-arm-none-eabi-10.3-2021.10/bin/../lib/gcc/arm-none-eabi/10.3.1/../../../../arm-none-eabi/lib/thumb/v7-m/nofp/libc_nano.a(lib_a-printf.o)
 .debug_frame   0x0000000000001674       0x58 /home/sailor/arm-toochain/gcc-arm-none-eabi-10.3-2021.10/bin/../lib/gcc/arm-none-eabi/10.3.1/../../../../arm-none-eabi/lib/thumb/v7-m/nofp/libc_nano.a(lib_a-putchar.o)
 .debug_frame   0x00000000000016cc      0x14c /home/sailor/arm-toochain/gcc-arm-none-eabi-10.3-2021.10/bin/../lib/gcc/arm-none-eabi/10.3.1/../../../../arm-none-eabi/lib/thumb/v7-m/nofp/libc_nano.a(lib_a-findfp.o)
 .debug_frame   0x0000000000001818       0x54 /home/sailor/arm-toochain/gcc-arm-none-eabi-10.3-2021.10/bin/../lib/gcc/arm-none-eabi/10.3.1/../../../../arm-none-eabi/lib/thumb/v7-m/nofp/libc_nano.a(lib_a-fwalk.o)
 .debug_frame   0x000000000000186c       0xb0 /home/sailor/arm-toochain/gcc-arm-none-eabi-10.3-2021.10/bin/../lib/gcc/arm-none-eabi/10.3.1/../../../../arm-none-eabi/lib/thumb/v7-m/nofp/libc_nano.a(lib_a-lock.o)
 .debug_frame   0x000000000000191c       0x4c /home/sailor/arm-toochain/gcc-arm-none-eabi-10.3-2021.10/bin/../lib/gcc/arm-none-eabi/10.3.1/../../../../arm-none-eabi/lib/thumb/v7-m/nofp/libc_nano.a(lib_a-nano-mallocr.o)
 .debug_frame   0x0000000000001968       0xac /home/sailor/arm-toochain/gcc-arm-none-eabi-10.3-2021.10/bin/../lib/gcc/arm-none-eabi/10.3.1/../../../../arm-none-eabi/lib/thumb/v7-m/nofp/libc_nano.a(lib_a-nano-vfprintf.o)
 .debug_frame   0x0000000000001a14       0x60 /home/sailor/arm-toochain/gcc-arm-none-eabi-10.3-2021.10/bin/../lib/gcc/arm-none-eabi/10.3.1/../../../../arm-none-eabi/lib/thumb/v7-m/nofp/libc_nano.a(lib_a-nano-vfprintf_i.o)
 .debug_frame   0x0000000000001a74       0x3c /home/sailor/arm-toochain/gcc-arm-none-eabi-10.3-2021.10/bin/../lib/gcc/arm-none-eabi/10.3.1/../../../../arm-none-eabi/lib/thumb/v7-m/nofp/libc_nano.a(lib_a-putc.o)
 .debug_frame   0x0000000000001ab0       0x2c /home/sailor/arm-toochain/gcc-arm-none-eabi-10.3-2021.10/bin/../lib/gcc/arm-none-eabi/10.3.1/../../../../arm-none-eabi/lib/thumb/v7-m/nofp/libc_nano.a(lib_a-sbrkr.o)
 .debug_frame   0x0000000000001adc       0x88 /home/sailor/arm-toochain/gcc-arm-none-eabi-10.3-2021.10/bin/../lib/gcc/arm-none-eabi/10.3.1/../../../../arm-none-eabi/lib/thumb/v7-m/nofp/libc_nano.a(lib_a-stdio.o)
 .debug_frame   0x0000000000001b64       0x40 /home/sailor/arm-toochain/gcc-arm-none-eabi-10.3-2021.10/bin/../lib/gcc/arm-none-eabi/10.3.1/../../../../arm-none-eabi/lib/thumb/v7-m/nofp/libc_nano.a(lib_a-wbuf.o)
 .debug_frame   0x0000000000001ba4       0x2c /home/sailor/arm-toochain/gcc-arm-none-eabi-10.3-2021.10/bin/../lib/gcc/arm-none-eabi/10.3.1/../../../../arm-none-eabi/lib/thumb/v7-m/nofp/libc_nano.a(lib_a-writer.o)
 .debug_frame   0x0000000000001bd0       0x2c /home/sailor/arm-toochain/gcc-arm-none-eabi-10.3-2021.10/bin/../lib/gcc/arm-none-eabi/10.3.1/../../../../arm-none-eabi/lib/thumb/v7-m/nofp/libc_nano.a(lib_a-wsetup.o)
 .debug_frame   0x0000000000001bfc       0x2c /home/sailor/arm-toochain/gcc-arm-none-eabi-10.3-2021.10/bin/../lib/gcc/arm-none-eabi/10.3.1/../../../../arm-none-eabi/lib/thumb/v7-m/nofp/libc_nano.a(lib_a-closer.o)
 .debug_frame   0x0000000000001c28       0x5c /home/sailor/arm-toochain/gcc-arm-none-eabi-10.3-2021.10/bin/../lib/gcc/arm-none-eabi/10.3.1/../../../../arm-none-eabi/lib/thumb/v7-m/nofp/libc_nano.a(lib_a-fflush.o)
 .debug_frame   0x0000000000001c84       0x2c /home/sailor/arm-toochain/gcc-arm-none-eabi-10.3-2021.10/bin/../lib/gcc/arm-none-eabi/10.3.1/../../../../arm-none-eabi/lib/thumb/v7-m/nofp/libc_nano.a(lib_a-lseekr.o)
 .debug_frame   0x0000000000001cb0       0x58 /home/sailor/arm-toochain/gcc-arm-none-eabi-10.3-2021.10/bin/../lib/gcc/arm-none-eabi/10.3.1/../../../../arm-none-eabi/lib/thumb/v7-m/nofp/libc_nano.a(lib_a-makebuf.o)
 .debug_frame   0x0000000000001d08       0x28 /home/sailor/arm-toochain/gcc-arm-none-eabi-10.3-2021.10/bin/../lib/gcc/arm-none-eabi/10.3.1/../../../../arm-none-eabi/lib/thumb/v7-m/nofp/libc_nano.a(lib_a-memchr-stub.o)
 .debug_frame   0x0000000000001d30       0x30 /home/sailor/arm-toochain/gcc-arm-none-eabi-10.3-2021.10/bin/../lib/gcc/arm-none-eabi/10.3.1/../../../../arm-none-eabi/lib/thumb/v7-m/nofp/libc_nano.a(lib_a-mlock.o)
 .debug_frame   0x0000000000001d60       0x38 /home/sailor/arm-toochain/gcc-arm-none-eabi-10.3-2021.10/bin/../lib/gcc/arm-none-eabi/10.3.1/../../../../arm-none-eabi/lib/thumb/v7-m/nofp/libc_nano.a(lib_a-nano-freer.o)
 .debug_frame   0x0000000000001d98       0x2c /home/sailor/arm-toochain/gcc-arm-none-eabi-10.3-2021.10/bin/../lib/gcc/arm-none-eabi/10.3.1/../../../../arm-none-eabi/lib/thumb/v7-m/nofp/libc_nano.a(lib_a-readr.o)
 .debug_frame   0x0000000000001dc4       0x5c /home/sailor/arm-toochain/gcc-arm-none-eabi-10.3-2021.10/bin/../lib/gcc/arm-none-eabi/10.3.1/../../../../arm-none-eabi/lib/thumb/v7-m/nofp/libc_nano.a(lib_a-reent.o)
 .debug_frame   0x0000000000001e20       0x2c /home/sailor/arm-toochain/gcc-arm-none-eabi-10.3-2021.10/bin/../lib/gcc/arm-none-eabi/10.3.1/../../../../arm-none-eabi/lib/thumb/v7-m/nofp/libc_nano.a(lib_a-fstatr.o)
 .debug_frame   0x0000000000001e4c       0x2c /home/sailor/arm-toochain/gcc-arm-none-eabi-10.3-2021.10/bin/../lib/gcc/arm-none-eabi/10.3.1/../../../../arm-none-eabi/lib/thumb/v7-m/nofp/libc_nano.a(lib_a-isattyr.o)
 .debug_frame   0x0000000000001e78       0x20 /home/sailor/arm-toochain/gcc-arm-none-eabi-10.3-2021.10/bin/../lib/gcc/arm-none-eabi/10.3.1/../../../../arm-none-eabi/lib/thumb/v7-m/nofp/libnosys.a(close.o)
 .debug_frame   0x0000000000001e98       0x20 /home/sailor/arm-toochain/gcc-arm-none-eabi-10.3-2021.10/bin/../lib/gcc/arm-none-eabi/10.3.1/../../../../arm-none-eabi/lib/thumb/v7-m/nofp/libnosys.a(fstat.o)
 .debug_frame   0x0000000000001eb8       0x20 /home/sailor/arm-toochain/gcc-arm-none-eabi-10.3-2021.10/bin/../lib/gcc/arm-none-eabi/10.3.1/../../../../arm-none-eabi/lib/thumb/v7-m/nofp/libnosys.a(isatty.o)
 .debug_frame   0x0000000000001ed8       0x20 /home/sailor/arm-toochain/gcc-arm-none-eabi-10.3-2021.10/bin/../lib/gcc/arm-none-eabi/10.3.1/../../../../arm-none-eabi/lib/thumb/v7-m/nofp/libnosys.a(lseek.o)
 .debug_frame   0x0000000000001ef8       0x20 /home/sailor/arm-toochain/gcc-arm-none-eabi-10.3-2021.10/bin/../lib/gcc/arm-none-eabi/10.3.1/../../../../arm-none-eabi/lib/thumb/v7-m/nofp/libnosys.a(read.o)
 .debug_frame   0x0000000000001f18       0x20 /home/sailor/arm-toochain/gcc-arm-none-eabi-10.3-2021.10/bin/../lib/gcc/arm-none-eabi/10.3.1/../../../../arm-none-eabi/lib/thumb/v7-m/nofp/libnosys.a(sbrk.o)
 .debug_frame   0x0000000000001f38       0x20 /home/sailor/arm-toochain/gcc-arm-none-eabi-10.3-2021.10/bin/../lib/gcc/arm-none-eabi/10.3.1/../../../../arm-none-eabi/lib/thumb/v7-m/nofp/libnosys.a(write.o)

.stab           0x0000000000000000       0x9c
 .stab          0x0000000000000000       0x24 /home/sailor/arm-toochain/gcc-arm-none-eabi-10.3-2021.10/bin/../lib/gcc/arm-none-eabi/10.3.1/../../../../arm-none-eabi/lib/thumb/v7-m/nofp/libnosys.a(close.o)
 .stab          0x0000000000000024       0x18 /home/sailor/arm-toochain/gcc-arm-none-eabi-10.3-2021.10/bin/../lib/gcc/arm-none-eabi/10.3.1/../../../../arm-none-eabi/lib/thumb/v7-m/nofp/libnosys.a(fstat.o)
                                         0x24 (size before relaxing)
 .stab          0x000000000000003c       0x18 /home/sailor/arm-toochain/gcc-arm-none-eabi-10.3-2021.10/bin/../lib/gcc/arm-none-eabi/10.3.1/../../../../arm-none-eabi/lib/thumb/v7-m/nofp/libnosys.a(isatty.o)
                                         0x24 (size before relaxing)
 .stab          0x0000000000000054       0x18 /home/sailor/arm-toochain/gcc-arm-none-eabi-10.3-2021.10/bin/../lib/gcc/arm-none-eabi/10.3.1/../../../../arm-none-eabi/lib/thumb/v7-m/nofp/libnosys.a(lseek.o)
                                         0x24 (size before relaxing)
 .stab          0x000000000000006c       0x18 /home/sailor/arm-toochain/gcc-arm-none-eabi-10.3-2021.10/bin/../lib/gcc/arm-none-eabi/10.3.1/../../../../arm-none-eabi/lib/thumb/v7-m/nofp/libnosys.a(read.o)
                                         0x24 (size before relaxing)
 .stab          0x0000000000000084       0x18 /home/sailor/arm-toochain/gcc-arm-none-eabi-10.3-2021.10/bin/../lib/gcc/arm-none-eabi/10.3.1/../../../../arm-none-eabi/lib/thumb/v7-m/nofp/libnosys.a(write.o)
                                         0x24 (size before relaxing)

.stabstr        0x0000000000000000      0x14d
 .stabstr       0x0000000000000000      0x14d /home/sailor/arm-toochain/gcc-arm-none-eabi-10.3-2021.10/bin/../lib/gcc/arm-none-eabi/10.3.1/../../../../arm-none-eabi/lib/thumb/v7-m/nofp/libnosys.a(close.o)

Cross Reference Table

Symbol                                            File
ADC1_2_IRQHandler                                 build/startup_stm32f103xb.o
AHBPrescTable                                     build/system_stm32f1xx.o
                                                  build/stm32f1xx_hal_rcc.o
APBPrescTable                                     build/system_stm32f1xx.o
                                                  build/stm32f1xx_hal_rcc.o
BusFault_Handler                                  build/stm32f1xx_it.o
CAN1_RX1_IRQHandler                               build/startup_stm32f103xb.o
CAN1_SCE_IRQHandler                               build/startup_stm32f103xb.o
CDC_Transmit_FS                                   build/usbd_cdc_if.o
                                                  build/main.o
DMA1_Channel1_IRQHandler                          build/startup_stm32f103xb.o
DMA1_Channel2_IRQHandler                          build/startup_stm32f103xb.o
DMA1_Channel3_IRQHandler                          build/startup_stm32f103xb.o
DMA1_Channel4_IRQHandler                          build/startup_stm32f103xb.o
DMA1_Channel5_IRQHandler                          build/startup_stm32f103xb.o
DMA1_Channel6_IRQHandler                          build/startup_stm32f103xb.o
DMA1_Channel7_IRQHandler                          build/startup_stm32f103xb.o